Component: ARM Compiler 5.06 update 6 (build 750) Tool: armlink [4d35ed]

==============================================================================

Section Cross References

    nw_task.o(i.NWTaskStart) refers to os_sem.o(i.OSSemCreate) for OSSemCreate
    nw_task.o(i.NWTaskStart) refers to os_task.o(i.OSTaskCreate) for OSTaskCreate
    nw_task.o(i.NWTaskStart) refers to nw_task.o(.bss) for .bss
    nw_task.o(i.NWTaskStart) refers to nw_task.o(i.NW_SENT_Task) for NW_SENT_Task
    nw_task.o(i.NW_SENT_Task) refers to bsp_uart.o(i.UART_data_clear) for UART_data_clear
    nw_task.o(i.NW_SENT_Task) refers to os_time.o(i.OSTimeDly) for OSTimeDly
    nw_task.o(i.NW_SENT_Task) refers to rev4g_polling.o(i.Rev4g_polling) for Rev4g_polling
    nw_task.o(i.NW_SENT_Task) refers to gdate_task.o(i.GDATA_Task) for GDATA_Task
    nw_task.o(i.NW_SENT_Task) refers to contact_polling.o(i.DTU_Check_polling) for DTU_Check_polling
    nw_task.o(i.NW_SENT_Task) refers to contact_polling.o(i.NW_contact_polling) for NW_contact_polling
    nw_task.o(i.NW_SENT_Task) refers to sdata_polling.o(i.Sdata_polling) for Sdata_polling
    nw_task.o(i.NW_SENT_Task) refers to sphoto_polling.o(i.Sphoto_polling) for Sphoto_polling
    nw_task.o(i.NW_SENT_Task) refers to usart.o(.bss) for huart3
    nw_task.o(i.NW_SENT_Task) refers to sys_user.o(.data) for runningtime
    nw_task.o(i.NW_SENT_Task) refers to nw_task.o(.data) for .data
    nw_task.o(i.NW_SENT_Task) refers to contact_polling.o(.data) for DTU_c_state
    nw_task.o(i.NW_SENT_Task) refers to sdata_polling.o(.data) for Sdata_step
    nw_task.o(i.NW_SENT_Task) refers to sphoto_polling.o(.data) for Sphoto_step
    nw_task.o(i.NW_timer_100ms) refers to hk_task.o(.data) for hk_wait_time
    nw_task.o(i.NW_timer_100ms) refers to sys_user.o(.data) for work_i100ms
    nw_task.o(i.NW_timer_100ms) refers to contact_polling.o(.data) for Contact_time
    nw_task.o(i.NW_timer_100ms) refers to sdata_polling.o(.data) for Sdata_time
    nw_task.o(i.NW_timer_100ms) refers to sphoto_polling.o(.data) for Sphoto_time
    nw_task.o(i.NW_timer_100ms) refers to nw_api.o(.data) for sentdelay
    nw_task.o(i.NW_timer_100ms) refers to power_ctrl.o(.data) for power_delay_hk
    nw_api.o(i.nw_sent_8) refers to os_time.o(i.OSTimeDly) for OSTimeDly
    nw_api.o(i.nw_sent_8) refers to cpu_a.o(.text) for CPU_SR_Save
    nw_api.o(i.nw_sent_8) refers to cpu_core.o(i.CPU_IntDisMeasStart) for CPU_IntDisMeasStart
    nw_api.o(i.nw_sent_8) refers to os_core.o(i.OS_SchedLockTimeMeasStart) for OS_SchedLockTimeMeasStart
    nw_api.o(i.nw_sent_8) refers to cpu_core.o(i.CPU_IntDisMeasStop) for CPU_IntDisMeasStop
    nw_api.o(i.nw_sent_8) refers to stm32l4xx_hal_uart_s.o(i.HAL_UART_Transmit) for HAL_UART_Transmit
    nw_api.o(i.nw_sent_8) refers to printf8.o(i.__0printf$8) for __2printf
    nw_api.o(i.nw_sent_8) refers to os_core.o(i.OS_SchedLockTimeMeasStop) for OS_SchedLockTimeMeasStop
    nw_api.o(i.nw_sent_8) refers to os_core.o(i.OS_Sched0) for OS_Sched0
    nw_api.o(i.nw_sent_8) refers to nw_api.o(.data) for .data
    nw_api.o(i.nw_sent_8) refers to os_var.o(.data) for OSSchedLockNestingCtr
    nw_api.o(i.nw_sent_8) refers to usart.o(.bss) for huart3
    nw_api.o(i.nw_sent_8) refers to sys_user.o(.data) for runningtime
    nw_api.o(i.nw_sent_8) refers to nw_task.o(.data) for LastTxT
    nw_api.o(i.nw_sent_8) refers to os_var.o(.data) for OSIntQNbrEntries
    nw_api.o(i.nw_sent_88) refers to os_time.o(i.OSTimeDly) for OSTimeDly
    nw_api.o(i.nw_sent_88) refers to nw_api.o(i.checksum_4g) for checksum_4g
    nw_api.o(i.nw_sent_88) refers to nw_api.o(i.nw_sent_8) for nw_sent_8
    nw_api.o(i.nw_sent_88) refers to nw_api.o(.data) for .data
    nw_api.o(i.nw_sent_88) refers to nw_api.o(.bss) for .bss
    nw_api.o(i.nw_sent_ph) refers to os_time.o(i.OSTimeDly) for OSTimeDly
    nw_api.o(i.nw_sent_ph) refers to cpu_a.o(.text) for CPU_SR_Save
    nw_api.o(i.nw_sent_ph) refers to cpu_core.o(i.CPU_IntDisMeasStart) for CPU_IntDisMeasStart
    nw_api.o(i.nw_sent_ph) refers to os_core.o(i.OS_SchedLockTimeMeasStart) for OS_SchedLockTimeMeasStart
    nw_api.o(i.nw_sent_ph) refers to cpu_core.o(i.CPU_IntDisMeasStop) for CPU_IntDisMeasStop
    nw_api.o(i.nw_sent_ph) refers to stm32l4xx_hal_uart_s.o(i.HAL_UART_Transmit) for HAL_UART_Transmit
    nw_api.o(i.nw_sent_ph) refers to printf8.o(i.__0printf$8) for __2printf
    nw_api.o(i.nw_sent_ph) refers to os_core.o(i.OS_SchedLockTimeMeasStop) for OS_SchedLockTimeMeasStop
    nw_api.o(i.nw_sent_ph) refers to os_core.o(i.OS_Sched0) for OS_Sched0
    nw_api.o(i.nw_sent_ph) refers to nw_api.o(.data) for .data
    nw_api.o(i.nw_sent_ph) refers to nw_api.o(.bss) for .bss
    nw_api.o(i.nw_sent_ph) refers to os_var.o(.data) for OSSchedLockNestingCtr
    nw_api.o(i.nw_sent_ph) refers to usart.o(.bss) for huart3
    nw_api.o(i.nw_sent_ph) refers to sys_user.o(.data) for runningtime
    nw_api.o(i.nw_sent_ph) refers to nw_task.o(.data) for LastTxT
[...]
    0x08016928   0x08016928   0x00000010   Code   RO         2102    i.SDMMC_PowerState_ON  stm32l4xx_ll_sdmmc.o
    0x08016938   0x08016938   0x00000006   Code   RO         2103    i.SDMMC_ReadFIFO    stm32l4xx_ll_sdmmc.o
    0x0801693e   0x0801693e   0x00000002   PAD
    0x08016940   0x08016940   0x000000b8   Code   RO         2104    i.SDMMC_SendCommand  stm32l4xx_ll_sdmmc.o
    0x080169f8   0x080169f8   0x0000000a   Code   RO         2106    i.SDMMC_WriteFIFO   stm32l4xx_ll_sdmmc.o
    0x08016a02   0x08016a02   0x00000002   PAD
    0x08016a04   0x08016a04   0x00000020   Code   RO          469    i.SD_CheckStatus    sd_diskio.o
    0x08016a24   0x08016a24   0x00000044   Code   RO         2139    i.SD_DMARxAbort     stm32l4xx_hal_sd.o
    0x08016a68   0x08016a68   0x00000044   Code   RO         2141    i.SD_DMATxAbort     stm32l4xx_hal_sd.o
    0x08016aac   0x08016aac   0x000000da   Code   RO         2142    i.SD_FindSCR        stm32l4xx_hal_sd.o
    0x08016b86   0x08016b86   0x000000ee   Code   RO         2143    i.SD_InitCard       stm32l4xx_hal_sd.o
    0x08016c74   0x08016c74   0x000000ba   Code   RO         2144    i.SD_PowerON        stm32l4xx_hal_sd.o
    0x08016d2e   0x08016d2e   0x00000002   PAD
    0x08016d30   0x08016d30   0x00000020   Code   RO          470    i.SD_initialize     sd_diskio.o
    0x08016d50   0x08016d50   0x00000050   Code   RO          471    i.SD_ioctl          sd_diskio.o
    0x08016da0   0x08016da0   0x00000026   Code   RO          472    i.SD_read           sd_diskio.o
    0x08016dc6   0x08016dc6   0x00000004   Code   RO          473    i.SD_status         sd_diskio.o
    0x08016dca   0x08016dca   0x00000002   PAD
    0x08016dcc   0x08016dcc   0x00000026   Code   RO          474    i.SD_write          sd_diskio.o
    0x08016df2   0x08016df2   0x00000074   Code   RO         2200    i.SPI_EndRxTransaction  stm32l4xx_hal_spi.o
    0x08016e66   0x08016e66   0x00000048   Code   RO         2201    i.SPI_EndRxTxTransaction  stm32l4xx_hal_spi.o
    0x08016eae   0x08016eae   0x00000096   Code   RO         2206    i.SPI_WaitFifoStateUntilTimeout  stm32l4xx_hal_spi.o
    0x08016f44   0x08016f44   0x00000094   Code   RO         2207    i.SPI_WaitFlagStateUntilTimeout  stm32l4xx_hal_spi.o
    0x08016fd8   0x08016fd8   0x0000000e   Code   RO          273    i.SRAM_data_int     sram.o
    0x08016fe6   0x08016fe6   0x00000002   Code   RO         1097    i.SVC_Handler       stm32l4xx_it.o
    0x08016fe8   0x08016fe8   0x00000094   Code   RO           89    i.SYSTaskStart      sys_user.o
    0x0801707c   0x0801707c   0x0000019c   Code   RO           68    i.Sdata_polling     sdata_polling.o
    0x08017218   0x08017218   0x00000044   Code   RO          284    i.SetFM25WriteEnable  fm25v10.o
    0x0801725c   0x0801725c   0x0000040a   Code   RO           76    i.Sphoto_polling    sphoto_polling.o
    0x08017666   0x08017666   0x00000002   PAD
    0x08017668   0x08017668   0x000000b8   Code   RO         1064    i.SystemClock_Config  main.o
    0x08017720   0x08017720   0x00000044   Code   RO         2289    i.SystemInit        system_stm32l4xx_1.o
    0x08017764   0x08017764   0x0000013c   Code   RO          140    i.TC                wr_task.o
    0x080178a0   0x080178a0   0x00000324   Code   RO           90    i.TaskDSP           sys_user.o
    0x08017bc4   0x08017bc4   0x0000001e   Code   RO          253    i.Test_DM9000_ID    dm9000.o
    0x08017be2   0x08017be2   0x00000002   PAD
    0x08017be4   0x08017be4   0x000001fc   Code   RO          348    i.UART_AdvFeatureConfig  stm32l4xx_hal_uart_s.o
    0x08017de0   0x08017de0   0x0000005a   Code   RO          349    i.UART_CheckIdleState  stm32l4xx_hal_uart_s.o
    0x08017e3a   0x08017e3a   0x00000014   Code   RO          350    i.UART_DMAAbortOnError  stm32l4xx_hal_uart_s.o
    0x08017e4e   0x08017e4e   0x0000004c   Code   RO          351    i.UART_DMAError     stm32l4xx_hal_uart_s.o
    0x08017e9a   0x08017e9a   0x0000003c   Code   RO          352    i.UART_DMAReceiveCplt  stm32l4xx_hal_uart_s.o
    0x08017ed6   0x08017ed6   0x0000003c   Code   RO          353    i.UART_DMARxAbortCallback  stm32l4xx_hal_uart_s.o
    0x08017f12   0x08017f12   0x0000000a   Code   RO          354    i.UART_DMARxHalfCplt  stm32l4xx_hal_uart_s.o
    0x08017f1c   0x08017f1c   0x00000032   Code   RO          357    i.UART_DMATxAbortCallback  stm32l4xx_hal_uart_s.o
    0x08017f4e   0x08017f4e   0x0000001e   Code   RO          360    i.UART_EndRxTransfer  stm32l4xx_hal_uart_s.o
    0x08017f6c   0x08017f6c   0x00000010   Code   RO          361    i.UART_EndTxTransfer  stm32l4xx_hal_uart_s.o
    0x08017f7c   0x08017f7c   0x00000054   Code   RO          372    i.UART_MspInit      bsp_uart.o
    0x08017fd0   0x08017fd0   0x00000110   Code   RO          373    i.UART_Receive      bsp_uart.o
    0x080180e0   0x080180e0   0x000000d8   Code   RO          374    i.UART_Receive_3    bsp_uart.o
    0x080181b8   0x080181b8   0x00000054   Code   RO          375    i.UART_Receive_s    bsp_uart.o
    0x0801820c   0x0801820c   0x00000054   Code   RO          362    i.UART_RxISR_16BIT  stm32l4xx_hal_uart_s.o
    0x08018260   0x08018260   0x0000003e   Code   RO          363    i.UART_RxISR_8BIT   stm32l4xx_hal_uart_s.o
    0x0801829e   0x0801829e   0x00000002   PAD
    0x080182a0   0x080182a0   0x0000039e   Code   RO          364    i.UART_SetConfig    stm32l4xx_hal_uart_s.o
    0x0801863e   0x0801863e   0x00000040   Code   RO          365    i.UART_TxISR_16BIT  stm32l4xx_hal_uart_s.o
    0x0801867e   0x0801867e   0x0000003c   Code   RO          366    i.UART_TxISR_8BIT   stm32l4xx_hal_uart_s.o
    0x080186ba   0x080186ba   0x00000060   Code   RO          367    i.UART_WaitOnFlagUntilTimeout  stm32l4xx_hal_uart_s.o
    0x0801871a   0x0801871a   0x0000000c   Code   RO          376    i.UART_data_clear   bsp_uart.o
    0x08018726   0x08018726   0x00000002   PAD
    0x08018728   0x08018728   0x00000018   Code   RO         1099    i.USART1_IRQHandler  stm32l4xx_it.o
    0x08018740   0x08018740   0x00000018   Code   RO         1100    i.USART2_IRQHandler  stm32l4xx_it.o
    0x08018758   0x08018758   0x00000018   Code   RO         1101    i.USART3_IRQHandler  stm32l4xx_it.o
    0x08018770   0x08018770   0x00000002   Code   RO         1102    i.UsageFault_Handler  stm32l4xx_it.o
    0x08018772   0x08018772   0x00000002   PAD
    0x08018774   0x08018774   0x00000054   Code   RO          141    i.WRTaskStart       wr_task.o
    0x080187c8   0x080187c8   0x000000c4   Code   RO          142    i.WR_Task           wr_task.o
    0x0801888c   0x0801888c   0x000000b4   Code   RO          285    i.WriteFM25Operation  fm25v10.o
    0x08018940   0x08018940   0x00000020   Code   RO         2412    i.__0printf$8       mc_w.l(printf8.o)
    0x08018960   0x08018960   0x00000028   Code   RO         2414    i.__0sprintf$8      mc_w.l(printf8.o)
    0x08018988   0x08018988   0x00000020   Code   RO         2049    i.__NVIC_SetPriority  stm32l4xx_hal_cortex.o
    0x080189a8   0x080189a8   0x0000000e   Code   RO         2468    i.__scatterload_copy  mc_w.l(handlers.o)
    0x080189b6   0x080189b6   0x00000002   Code   RO         2469    i.__scatterload_null  mc_w.l(handlers.o)
    0x080189b8   0x080189b8   0x0000000e   Code   RO         2470    i.__scatterload_zeroinit  mc_w.l(handlers.o)
    0x080189c6   0x080189c6   0x00000002   PAD
    0x080189c8   0x080189c8   0x00000416   Code   RO         2419    i._printf_core      mc_w.l(printf8.o)
    0x08018dde   0x08018dde   0x00000024   Code   RO         2420    i._printf_post_padding  mc_w.l(printf8.o)
    0x08018e02   0x08018e02   0x0000002e   Code   RO         2421    i._printf_pre_padding  mc_w.l(printf8.o)
    0x08018e30   0x08018e30   0x0000000a   Code   RO         2423    i._sputc            mc_w.l(printf8.o)
    0x08018e3a   0x08018e3a   0x00000002   PAD
    0x08018e3c   0x08018e3c   0x0000005c   Code   RO          418    i.app_start         app.o
    0x08018e98   0x08018e98   0x00000002   Code   RO         1065    i.assert_failed     main.o
    0x08018e9a   0x08018e9a   0x0000000e   Code   RO          406    i.c8_to_d4          data_change.o
    0x08018ea8   0x08018ea8   0x0000005e   Code   RO          407    i.c8_to_d8          data_change.o
    0x08018f06   0x08018f06   0x0000003a   Code   RO          408    i.c8_to_u32_d       data_change.o
    0x08018f40   0x08018f40   0x00000038   Code   RO          409    i.c8_to_u32_x       data_change.o
    0x08018f78   0x08018f78   0x0000002a   Code   RO          410    i.c8_to_u4          data_change.o
    0x08018fa2   0x08018fa2   0x0000004a   Code   RO          411    i.c8_to_u8          data_change.o
    0x08018fec   0x08018fec   0x00000140   Code   RO          143    i.cam_ctl_on_platform  wr_task.o
    0x0801912c   0x0801912c   0x000001c6   Code   RO          162    i.camera_authorization  authorization.o
    0x080192f2   0x080192f2   0x00000002   PAD
    0x080192f4   0x080192f4   0x000000e6   Code   RO          163    i.camput_response   authorization.o
    0x080193da   0x080193da   0x00000002   PAD
    0x080193dc   0x080193dc   0x00000120   Code   RO          267    i.change_ip_done    sim7600.o
    0x080194fc   0x080194fc   0x00000068   Code   RO           91    i.char_time_to_int_time  sys_user.o
    0x08019564   0x08019564   0x00000070   Code   RO         1158    i.check_fs          ff.o
    0x080195d4   0x080195d4   0x0000002c   Code   RO          255    i.check_rx          dm9000.o
    0x08019600   0x08019600   0x000000a4   Code   RO          268    i.check_signel      sim7600.o
    0x080196a4   0x080196a4   0x0000007c   Code   RO          269    i.check_sim7600     sim7600.o
    0x08019720   0x08019720   0x0000001a   Code   RO           36    i.checksum_4g       nw_api.o
    0x0801973a   0x0801973a   0x00000010   Code   RO         1159    i.chk_chr           ff.o
    0x0801974a   0x0801974a   0x00000002   PAD
    0x0801974c   0x0801974c   0x0000005c   Code   RO         1160    i.chk_lock          ff.o
    0x080197a8   0x080197a8   0x0000005c   Code   RO          286    i.clear_index_all   fm25v10.o
    0x08019804   0x08019804   0x00000020   Code   RO         1161    i.clear_lock        ff.o
    0x08019824   0x08019824   0x00000026   Code   RO         1162    i.clmt_clust        ff.o
    0x0801984a   0x0801984a   0x00000002   PAD
    0x0801984c   0x0801984c   0x0000000c   Code   RO          496    i.close_hk          lwip.o
    0x08019858   0x08019858   0x00000018   Code   RO         1163    i.clust2sect        ff.o
    0x08019870   0x08019870   0x000006e6   Code   RO          144    i.cmd_hav_parameter  wr_task.o
    0x08019f56   0x08019f56   0x00000002   PAD
    0x08019f58   0x08019f58   0x000001ac   Code   RO          145    i.cmd_no_parameter  wr_task.o
    0x0801a104   0x0801a104   0x000002a8   Code   RO          146    i.cmd_test          wr_task.o
    0x0801a3ac   0x0801a3ac   0x00000086   Code   RO         1164    i.cmp_lfn           ff.o
    0x0801a432   0x0801a432   0x000000a4   Code   RO         1165    i.create_chain      ff.o
    0x0801a4d6   0x0801a4d6   0x00000002   PAD
    0x0801a4d8   0x0801a4d8   0x0000024a   Code   RO         1166    i.create_name       ff.o
    0x0801a722   0x0801a722   0x00000002   PAD
    0x0801a724   0x0801a724   0x0000001c   Code   RO         1031    i.cyclic_timer      timeouts.o
    0x0801a740   0x0801a740   0x0000057a   Code   RO          274    i.data_read         sram.o
    0x0801acba   0x0801acba   0x00000002   PAD
    0x0801acbc   0x0801acbc   0x00000144   Code   RO          275    i.data_rst          sram.o
    0x0801ae00   0x0801ae00   0x00000038   Code   RO          276    i.data_write        sram.o
    0x0801ae38   0x0801ae38   0x00000034   Code   RO         1167    i.dec_lock          ff.o
    0x0801ae6c   0x0801ae6c   0x00000060   Code   RO          388    i.delet_ph          sd.o
    0x0801aecc   0x0801aecc   0x0000009c   Code   RO          538    i.dhcp_arp_reply    dhcp.o
    0x0801af68   0x0801af68   0x00000188   Code   RO          539    i.dhcp_bind         dhcp.o
    0x0801b0f0   0x0801b0f0   0x00000034   Code   RO          540    i.dhcp_check        dhcp.o
    0x0801b124   0x0801b124   0x000000ac   Code   RO          542    i.dhcp_coarse_tmr   dhcp.o
    0x0801b1d0   0x0801b1d0   0x000002c8   Code   RO          543    i.dhcp_create_msg   dhcp.o
    0x0801b498   0x0801b498   0x000000b8   Code   RO          544    i.dhcp_dec_pcb_refcount  dhcp.o
    0x0801b550   0x0801b550   0x00000088   Code   RO          545    i.dhcp_decline      dhcp.o
    0x0801b5d8   0x0801b5d8   0x00000124   Code   RO          546    i.dhcp_delete_msg   dhcp.o
    0x0801b6fc   0x0801b6fc   0x000000cc   Code   RO          547    i.dhcp_discover     dhcp.o
    0x0801b7c8   0x0801b7c8   0x00000034   Code   RO          548    i.dhcp_fine_tmr     dhcp.o
    0x0801b7fc   0x0801b7fc   0x00000064   Code   RO          549    i.dhcp_handle_ack   dhcp.o
    0x0801b860   0x0801b860   0x000000ec   Code   RO          550    i.dhcp_inc_pcb_refcount  dhcp.o
    0x0801b94c   0x0801b94c   0x000000a4   Code   RO          553    i.dhcp_option       dhcp.o
    0x0801b9f0   0x0801b9f0   0x000000c8   Code   RO          554    i.dhcp_option_byte  dhcp.o
    0x0801bab8   0x0801bab8   0x000000fc   Code   RO          555    i.dhcp_option_long  dhcp.o
    0x0801bbb4   0x0801bbb4   0x000000a0   Code   RO          556    i.dhcp_option_short  dhcp.o
    0x0801bc54   0x0801bc54   0x0000015c   Code   RO          557    i.dhcp_option_trailer  dhcp.o
    0x0801bdb0   0x0801bdb0   0x00000382   Code   RO          558    i.dhcp_parse_reply  dhcp.o
    0x0801c132   0x0801c132   0x00000002   PAD
    0x0801c134   0x0801c134   0x000000b8   Code   RO          559    i.dhcp_rebind       dhcp.o
    0x0801c1ec   0x0801c1ec   0x000000d4   Code   RO          560    i.dhcp_reboot       dhcp.o
    0x0801c2c0   0x0801c2c0   0x000001b4   Code   RO          561    i.dhcp_recv         dhcp.o
    0x0801c474   0x0801c474   0x000000a8   Code   RO          562    i.dhcp_release      dhcp.o
    0x0801c51c   0x0801c51c   0x000000b8   Code   RO          563    i.dhcp_renew        dhcp.o
    0x0801c5d4   0x0801c5d4   0x000000f8   Code   RO          564    i.dhcp_select       dhcp.o
    0x0801c6cc   0x0801c6cc   0x00000010   Code   RO          565    i.dhcp_set_state    dhcp.o
    0x0801c6dc   0x0801c6dc   0x00000164   Code   RO          567    i.dhcp_start        dhcp.o
    0x0801c840   0x0801c840   0x000000d8   Code   RO          568    i.dhcp_stop         dhcp.o
    0x0801c918   0x0801c918   0x0000001c   Code   RO          569    i.dhcp_supplied_address  dhcp.o
    0x0801c934   0x0801c934   0x00000066   Code   RO          570    i.dhcp_timeout      dhcp.o
    0x0801c99a   0x0801c99a   0x00000002   PAD
    0x0801c99c   0x0801c99c   0x000000d0   Code   RO         1168    i.dir_find          ff.o
    0x0801ca6c   0x0801ca6c   0x00000102   Code   RO         1169    i.dir_next          ff.o
    0x0801cb6e   0x0801cb6e   0x000000b6   Code   RO         1170    i.dir_read          ff.o
    0x0801cc24   0x0801cc24   0x000001ea   Code   RO         1171    i.dir_register      ff.o
    0x0801ce0e   0x0801ce0e   0x0000004e   Code   RO         1172    i.dir_remove        ff.o
    0x0801ce5c   0x0801ce5c   0x0000008e   Code   RO         1173    i.dir_sdi           ff.o
    0x0801ceea   0x0801ceea   0x00000002   PAD
    0x0801ceec   0x0801ceec   0x00000028   Code   RO         1149    i.disk_initialize   diskio.o
    0x0801cf14   0x0801cf14   0x0000001c   Code   RO         1150    i.disk_ioctl        diskio.o
    0x0801cf30   0x0801cf30   0x0000001c   Code   RO         1151    i.disk_read         diskio.o
    0x0801cf4c   0x0801cf4c   0x00000018   Code   RO         1152    i.disk_status       diskio.o
    0x0801cf64   0x0801cf64   0x0000001c   Code   RO         1153    i.disk_write        diskio.o
    0x0801cf80   0x0801cf80   0x0000003c   Code   RO          256    i.dm9000_PHY_read   dm9000.o
    0x0801cfbc   0x0801cfbc   0x00000032   Code   RO          257    i.dm9000_PHY_write  dm9000.o
    0x0801cfee   0x0801cfee   0x0000000a   Code   RO          258    i.dm9000_reg_read   dm9000.o
    0x0801cff8   0x0801cff8   0x0000000a   Code   RO          259    i.dm9000_reg_write  dm9000.o
    0x0801d002   0x0801d002   0x00000002   PAD
    0x0801d004   0x0801d004   0x0000017c   Code   RO          260    i.dm9k_init         dm9000.o
    0x0801d180   0x0801d180   0x000000b0   Code   RO          821    i.do_memp_free_pool  memp.o
    0x0801d230   0x0801d230   0x000000d4   Code   RO          822    i.do_memp_malloc_pool  memp.o
    0x0801d304   0x0801d304   0x000001f0   Code   RO          663    i.err_tcp           api_msg.o
    0x0801d4f4   0x0801d4f4   0x00000030   Code   RO          577    i.etharp_cleanup_netif  etharp.o
    0x0801d524   0x0801d524   0x0000025e   Code   RO          579    i.etharp_find_entry  etharp.o
    0x0801d782   0x0801d782   0x00000002   PAD
    0x0801d784   0x0801d784   0x00000024   Code   RO          580    i.etharp_free_entry  etharp.o
    0x0801d7a8   0x0801d7a8   0x00000140   Code   RO          582    i.etharp_input      etharp.o
    0x0801d8e8   0x0801d8e8   0x000001b4   Code   RO          583    i.etharp_output     etharp.o
    0x0801da9c   0x0801da9c   0x00000110   Code   RO          584    i.etharp_output_to_arp_index  etharp.o
    0x0801dbac   0x0801dbac   0x000001f6   Code   RO          585    i.etharp_query      etharp.o
    0x0801dda2   0x0801dda2   0x00000002   PAD
    0x0801dda4   0x0801dda4   0x00000186   Code   RO          586    i.etharp_raw        etharp.o
    0x0801df2a   0x0801df2a   0x00000002   PAD
    0x0801df2c   0x0801df2c   0x0000000c   Code   RO          587    i.etharp_request    etharp.o
    0x0801df38   0x0801df38   0x00000020   Code   RO          588    i.etharp_request_dst  etharp.o
    0x0801df58   0x0801df58   0x00000060   Code   RO          589    i.etharp_tmr        etharp.o
    0x0801dfb8   0x0801dfb8   0x0000011c   Code   RO          590    i.etharp_update_arp_entry  etharp.o
    0x0801e0d4   0x0801e0d4   0x000000bc   Code   RO          770    i.ethernet_input    ethernet.o
    0x0801e190   0x0801e190   0x00000104   Code   RO          771    i.ethernet_output   ethernet.o
    0x0801e294   0x0801e294   0x000000d4   Code   RO          484    i.ethernetif_init   ethernetif.o
    0x0801e368   0x0801e368   0x00000054   Code   RO          485    i.ethernetif_input  ethernetif.o
    0x0801e3bc   0x0801e3bc   0x00000028   Code   RO         1174    i.f_close           ff.o
    0x0801e3e4   0x0801e3e4   0x00000240   Code   RO         1178    i.f_lseek           ff.o
    0x0801e624   0x0801e624   0x00000586   Code   RO         1180    i.f_mkfs            ff.o
    0x0801ebaa   0x0801ebaa   0x00000002   PAD
    0x0801ebac   0x0801ebac   0x00000094   Code   RO          389    i.f_mkfs_Twice      sd.o
    0x0801ec40   0x0801ec40   0x00000058   Code   RO         1181    i.f_mount           ff.o
    0x0801ec98   0x0801ec98   0x00000080   Code   RO          390    i.f_mount_Twice     sd.o
    0x0801ed18   0x0801ed18   0x00000224   Code   RO         1182    i.f_open            ff.o
    0x0801ef3c   0x0801ef3c   0x0000017c   Code   RO         1187    i.f_read            ff.o
    0x0801f0b8   0x0801f0b8   0x0000008e   Code   RO         1191    i.f_sync            ff.o
    0x0801f146   0x0801f146   0x000000a6   Code   RO         1193    i.f_unlink          ff.o
    0x0801f1ec   0x0801f1ec   0x0000008c   Code   RO          391    i.f_unlink_Twice    sd.o
    0x0801f278   0x0801f278   0x000001b8   Code   RO         1194    i.f_write           ff.o
    0x0801f430   0x0801f430   0x0000004c   Code   RO         1238    i.ff_convert        cc936.o
    0x0801f47c   0x0801f47c   0x00000080   Code   RO         1239    i.ff_wtoupper       cc936.o
    0x0801f4fc   0x0801f4fc   0x00000288   Code   RO         1195    i.find_volume       ff.o
    0x0801f784   0x0801f784   0x0000000e   Code   RO          287    i.flash_read        fm25v10.o
    0x0801f792   0x0801f792   0x0000000e   Code   RO          288    i.flash_save        fm25v10.o
    0x0801f7a0   0x0801f7a0   0x0000007a   Code   RO         1196    i.follow_path       ff.o
    0x0801f81a   0x0801f81a   0x00000002   PAD
    0x0801f81c   0x0801f81c   0x00000018   Code   RO          377    i.fputc             bsp_uart.o
    0x0801f834   0x0801f834   0x00000078   Code   RO          289    i.gain_index_all    fm25v10.o
    0x0801f8ac   0x0801f8ac   0x000000fe   Code   RO          214    i.gain_ll_data      tensimeter.o
    0x0801f9aa   0x0801f9aa   0x00000002   PAD
    0x0801f9ac   0x0801f9ac   0x00000250   Code   RO          224    i.gain_qx_data      meteorological.o
    0x0801fbfc   0x0801fbfc   0x0000008c   Code   RO         1197    i.gen_numname       ff.o
    0x0801fc88   0x0801fc88   0x00000120   Code   RO          184    i.get_Width_Height_info  http_data.o
    0x0801fda8   0x0801fda8   0x000001be   Code   RO          215    i.get_a_data_ll     tensimeter.o
    0x0801ff66   0x0801ff66   0x00000002   PAD
    0x0801ff68   0x0801ff68   0x00000178   Code   RO          185    i.get_color_info    http_data.o
    0x080200e0   0x080200e0   0x00000044   Code   RO          186    i.get_digest_info   http_data.o
    0x08020124   0x08020124   0x000000e8   Code   RO         1198    i.get_fat           ff.o
    0x0802020c   0x0802020c   0x00000004   Code   RO          455    i.get_fattime       fatfs.o
    0x08020210   0x08020210   0x000000ac   Code   RO          187    i.get_info          http_data.o
    0x080202bc   0x080202bc   0x0000009c   Code   RO          147    i.get_ip            wr_task.o
    0x08020358   0x08020358   0x0000003c   Code   RO         1200    i.get_ldnumber      ff.o
    0x08020394   0x08020394   0x000001e4   Code   RO           51    i.get_nw_data       rev4g_polling.o
    0x08020578   0x08020578   0x000000e8   Code   RO          202    i.http_clientconn_ok  hk_http.o
    0x08020660   0x08020660   0x00000214   Code   RO          194    i.http_data_post    hk_task.o
    0x08020874   0x08020874   0x00000154   Code   RO          203    i.http_hk_thread    hk_http.o
    0x080209c8   0x080209c8   0x00000008   Code   RO          597    i.icmp_dest_unreach  icmp.o
    0x080209d0   0x080209d0   0x0000028c   Code   RO          598    i.icmp_input        icmp.o
    0x08020c5c   0x08020c5c   0x0000012e   Code   RO          599    i.icmp_send_response  icmp.o
    0x08020d8a   0x08020d8a   0x00000008   Code   RO          600    i.icmp_time_exceeded  icmp.o
    0x08020d92   0x08020d92   0x00000002   PAD
    0x08020d94   0x08020d94   0x00000080   Code   RO         1201    i.inc_lock          ff.o
    0x08020e14   0x08020e14   0x00000024   Code   RO          290    i.index_ll_dec      fm25v10.o
    0x08020e38   0x08020e38   0x00000020   Code   RO          291    i.index_ll_inc      fm25v10.o
    0x08020e58   0x08020e58   0x00000048   Code   RO          292    i.index_ph_dec      fm25v10.o
    0x08020ea0   0x08020ea0   0x00000030   Code   RO          293    i.index_ph_inc      fm25v10.o
    0x08020ed0   0x08020ed0   0x00000024   Code   RO          294    i.index_qx_dec      fm25v10.o
    0x08020ef4   0x08020ef4   0x00000020   Code   RO          295    i.index_qx_inc      fm25v10.o
    0x08020f14   0x08020f14   0x0000000c   Code   RO          790    i.inet_chksum       inet_chksum.o
    0x08020f20   0x08020f20   0x00000048   Code   RO          791    i.inet_chksum_pbuf  inet_chksum.o
    0x08020f68   0x08020f68   0x00000028   Code   RO          792    i.inet_chksum_pseudo  inet_chksum.o
    0x08020f90   0x08020f90   0x0000006c   Code   RO          794    i.inet_cksum_pseudo_base  inet_chksum.o
    0x08020ffc   0x08020ffc   0x00000058   Code   RO           93    i.int_time_to_char_time  sys_user.o
    0x08021054   0x08021054   0x0000002e   Code   RO          616    i.ip4_addr_isbroadcast_u32  ip4_addr.o
    0x08021082   0x08021082   0x00000002   PAD
    0x08021084   0x08021084   0x00000272   Code   RO          628    i.ip4_frag          ip4_frag.o
    0x080212f6   0x080212f6   0x00000002   PAD
    0x080212f8   0x080212f8   0x0000024a   Code   RO          607    i.ip4_input         ip4.o
    0x08021542   0x08021542   0x0000001e   Code   RO          609    i.ip4_output_if     ip4.o
    0x08021560   0x08021560   0x000001c2   Code   RO          610    i.ip4_output_if_src  ip4.o
    0x08021722   0x08021722   0x00000002   PAD
    0x08021724   0x08021724   0x000001fe   Code   RO          629    i.ip4_reass         ip4_frag.o
    0x08021922   0x08021922   0x00000002   PAD
    0x08021924   0x08021924   0x00000068   Code   RO          611    i.ip4_route         ip4.o
    0x0802198c   0x0802198c   0x0000000c   Code   RO          796    i.ip_chksum_pseudo  inet_chksum.o
    0x08021998   0x08021998   0x00000090   Code   RO          630    i.ip_frag_free_pbuf_custom_ref  ip4_frag.o
    0x08021a28   0x08021a28   0x00000260   Code   RO          631    i.ip_reass_chain_frag_into_datagram_and_validate  ip4_frag.o
    0x08021c88   0x08021c88   0x000000bc   Code   RO          632    i.ip_reass_dequeue_datagram  ip4_frag.o
    0x08021d44   0x08021d44   0x00000190   Code   RO          633    i.ip_reass_free_complete_datagram  ip4_frag.o
    0x08021ed4   0x08021ed4   0x00000080   Code   RO          634    i.ip_reass_remove_oldest_datagram  ip4_frag.o
    0x08021f54   0x08021f54   0x0000002c   Code   RO          635    i.ip_reass_tmr      ip4_frag.o
    0x08021f80   0x08021f80   0x00000098   Code   RO          636    i.ipfrag_free_pbuf_custom  ip4_frag.o
    0x08022018   0x08022018   0x00000026   Code   RO         1202    i.ld_clust          ff.o
    0x0802203e   0x0802203e   0x00000016   Code   RO         1203    i.ld_dword          ff.o
    0x08022054   0x08022054   0x0000000a   Code   RO         1204    i.ld_word           ff.o
    0x0802205e   0x0802205e   0x0000000c   Code   RO          487    i.low_level_output  ethernetif.o
    0x0802206a   0x0802206a   0x00000004   Code   RO          777    i.lwip_htonl        def.o
    0x0802206e   0x0802206e   0x00000004   Code   RO          778    i.lwip_htons        def.o
    0x08022072   0x08022072   0x00000026   Code   RO          802    i.lwip_init         init.o
    0x08022098   0x08022098   0x00000164   Code   RO          665    i.lwip_netconn_do_close  api_msg.o
    0x080221fc   0x080221fc   0x000002e8   Code   RO          666    i.lwip_netconn_do_close_internal  api_msg.o
    0x080224e4   0x080224e4   0x00000180   Code   RO          667    i.lwip_netconn_do_connect  api_msg.o
    0x08022664   0x08022664   0x000001a4   Code   RO          668    i.lwip_netconn_do_connected  api_msg.o
    0x08022808   0x08022808   0x000001c8   Code   RO          669    i.lwip_netconn_do_delconn  api_msg.o
    0x080229d0   0x080229d0   0x00000110   Code   RO          671    i.lwip_netconn_do_getaddr  api_msg.o
    0x08022ae0   0x08022ae0   0x0000003c   Code   RO          673    i.lwip_netconn_do_newconn  api_msg.o
    0x08022b1c   0x08022b1c   0x00000060   Code   RO          674    i.lwip_netconn_do_recv  api_msg.o
    0x08022b7c   0x08022b7c   0x00000180   Code   RO          676    i.lwip_netconn_do_write  api_msg.o
    0x08022cfc   0x08022cfc   0x000002fe   Code   RO          677    i.lwip_netconn_do_writemore  api_msg.o
    0x08022ffa   0x08022ffa   0x00000002   PAD
    0x08022ffc   0x08022ffc   0x00000058   Code   RO          798    i.lwip_standard_chksum  inet_chksum.o
    0x08023054   0x08023054   0x00000050   Code   RO         1066    i.main              main.o
    0x080230a4   0x080230a4   0x0000002c   Code   RO          155    i.md5_char32        md5.o
    0x080230d0   0x080230d0   0x00000012   Code   RO         1205    i.mem_cpy           ff.o
    0x080230e2   0x080230e2   0x00000002   PAD
    0x080230e4   0x080230e4   0x00000168   Code   RO          811    i.mem_free          mem.o
    0x0802324c   0x0802324c   0x000000d0   Code   RO          812    i.mem_init          mem.o
    0x0802331c   0x0802331c   0x00000254   Code   RO          813    i.mem_malloc        mem.o
    0x08023570   0x08023570   0x0000000e   Code   RO         1206    i.mem_set           ff.o
    0x0802357e   0x0802357e   0x00000002   PAD
    0x08023580   0x08023580   0x000001e2   Code   RO          814    i.mem_trim          mem.o
    0x08023762   0x08023762   0x00000002   PAD
    0x08023764   0x08023764   0x0000009c   Code   RO          823    i.memp_free         memp.o
    0x08023800   0x08023800   0x00000030   Code   RO          825    i.memp_init         memp.o
    0x08023830   0x08023830   0x0000002e   Code   RO          826    i.memp_init_pool    memp.o
    0x0802385e   0x0802385e   0x00000002   PAD
    0x08023860   0x08023860   0x000000a4   Code   RO          827    i.memp_malloc       memp.o
    0x08023904   0x08023904   0x00000032   Code   RO         1207    i.move_window       ff.o
    0x08023936   0x08023936   0x00000022   Code   RO          699    i.netbuf_delete     netbuf.o
    0x08023958   0x08023958   0x0000010c   Code   RO          678    i.netconn_alloc     api_msg.o
    0x08023a64   0x08023a64   0x00000016   Code   RO          642    i.netconn_apimsg    api_lib.o
    0x08023a7a   0x08023a7a   0x00000006   Code   RO          644    i.netconn_close     api_lib.o
    0x08023a80   0x08023a80   0x000000b0   Code   RO          645    i.netconn_close_shutdown  api_lib.o
    0x08023b30   0x08023b30   0x000000bc   Code   RO          646    i.netconn_connect   api_lib.o
    0x08023bec   0x08023bec   0x0000002c   Code   RO          647    i.netconn_delete    api_lib.o
    0x08023c18   0x08023c18   0x000000a4   Code   RO          679    i.netconn_drain     api_msg.o
    0x08023cbc   0x08023cbc   0x0000016c   Code   RO          680    i.netconn_free      api_msg.o
    0x08023e28   0x08023e28   0x00000108   Code   RO          649    i.netconn_getaddr   api_lib.o
    0x08023f30   0x08023f30   0x00000178   Code   RO          651    i.netconn_new_with_proto_and_callback  api_lib.o
    0x080240a8   0x080240a8   0x00000138   Code   RO          652    i.netconn_recv      api_lib.o
    0x080241e0   0x080241e0   0x000001ec   Code   RO          653    i.netconn_recv_data  api_lib.o
    0x080243cc   0x080243cc   0x0000001c   Code   RO          204    i.netconn_stop      hk_http.o
    0x080243e8   0x080243e8   0x00000124   Code   RO          658    i.netconn_write_partly  api_lib.o
    0x0802450c   0x0802450c   0x000000e0   Code   RO          885    i.netif_add         netif.o
    0x080245ec   0x080245ec   0x00000002   Code   RO          887    i.netif_init        netif.o
    0x080245ee   0x080245ee   0x0000001a   Code   RO          889    i.netif_issue_reports  netif.o
    0x08024608   0x08024608   0x00000048   Code   RO          891    i.netif_set_addr    netif.o
    0x08024650   0x08024650   0x0000000c   Code   RO          892    i.netif_set_default  netif.o
    0x0802465c   0x0802465c   0x0000001a   Code   RO          893    i.netif_set_down    netif.o
    0x08024676   0x08024676   0x00000008   Code   RO          894    i.netif_set_gw      netif.o
    0x0802467e   0x0802467e   0x00000002   PAD
    0x08024680   0x08024680   0x00000040   Code   RO          895    i.netif_set_ipaddr  netif.o
    0x080246c0   0x080246c0   0x00000008   Code   RO          898    i.netif_set_netmask  netif.o
    0x080246c8   0x080246c8   0x0000001c   Code   RO          899    i.netif_set_up      netif.o
    0x080246e4   0x080246e4   0x000000dc   Code   RO           37    i.nw_sent_8         nw_api.o
    0x080247c0   0x080247c0   0x00000070   Code   RO           38    i.nw_sent_88        nw_api.o
    0x08024830   0x08024830   0x00000180   Code   RO           39    i.nw_sent_ph        nw_api.o
    0x080249b0   0x080249b0   0x0000019a   Code   RO           40    i.nw_sent_ph_time   nw_api.o
    0x08024b4a   0x08024b4a   0x00000002   PAD
    0x08024b4c   0x08024b4c   0x00000094   Code   RO           41    i.nw_sent_st        nw_api.o
    0x08024be0   0x08024be0   0x0000000c   Code   RO          497    i.open_hk           lwip.o
    0x08024bec   0x08024bec   0x0000037e   Code   RO          904    i.pbuf_alloc        pbuf.o
    0x08024f6a   0x08024f6a   0x00000002   PAD
    0x08024f6c   0x08024f6c   0x000000e0   Code   RO          905    i.pbuf_alloced_custom  pbuf.o
    0x0802504c   0x0802504c   0x00000130   Code   RO          906    i.pbuf_cat          pbuf.o
    0x0802517c   0x0802517c   0x00000012   Code   RO          907    i.pbuf_chain        pbuf.o
    0x0802518e   0x0802518e   0x00000012   Code   RO          908    i.pbuf_clen         pbuf.o
    0x080251a0   0x080251a0   0x000001ec   Code   RO          910    i.pbuf_copy         pbuf.o
    0x0802538c   0x0802538c   0x0000011c   Code   RO          911    i.pbuf_copy_partial  pbuf.o
    0x080254a8   0x080254a8   0x00000178   Code   RO          913    i.pbuf_free         pbuf.o
    0x08025620   0x08025620   0x00000034   Code   RO          914    i.pbuf_free_ooseq_callback  pbuf.o
    0x08025654   0x08025654   0x00000006   Code   RO          916    i.pbuf_header       pbuf.o
    0x0802565a   0x0802565a   0x00000006   Code   RO          917    i.pbuf_header_force  pbuf.o
    0x08025660   0x08025660   0x00000124   Code   RO          918    i.pbuf_header_impl  pbuf.o
    0x08025784   0x08025784   0x00000040   Code   RO          921    i.pbuf_pool_is_empty  pbuf.o
    0x080257c4   0x080257c4   0x00000198   Code   RO          923    i.pbuf_realloc      pbuf.o
    0x0802595c   0x0802595c   0x0000009c   Code   RO          924    i.pbuf_ref          pbuf.o
    0x080259f8   0x080259f8   0x000000f8   Code   RO          681    i.pcb_new           api_msg.o
    0x08025af0   0x08025af0   0x00000074   Code   RO         1208    i.pick_lfn          ff.o
    0x08025b64   0x08025b64   0x0000017c   Code   RO          815    i.plug_holes        mem.o
    0x08025ce0   0x08025ce0   0x000000e4   Code   RO          682    i.poll_tcp          api_msg.o
    0x08025dc4   0x08025dc4   0x00000070   Code   RO          117    i.power_init        power_ctrl.o
    0x08025e34   0x08025e34   0x00000020   Code   RO          119    i.power_set_12V     power_ctrl.o
    0x08025e54   0x08025e54   0x00000054   Code   RO          120    i.power_set_485     power_ctrl.o
    0x08025ea8   0x08025ea8   0x000000dc   Code   RO          121    i.power_set_DTU     power_ctrl.o
    0x08025f84   0x08025f84   0x0000001c   Code   RO          122    i.power_set_ETH     power_ctrl.o
    0x08025fa0   0x08025fa0   0x000000ac   Code   RO          123    i.power_set_cam1    power_ctrl.o
    0x0802604c   0x0802604c   0x00000124   Code   RO         1209    i.put_fat           ff.o
    0x08026170   0x08026170   0x00000070   Code   RO          164    i.rand_num_create_str32  authorization.o
    0x080261e0   0x080261e0   0x000000e0   Code   RO          296    i.read_data_ll      fm25v10.o
    0x080262c0   0x080262c0   0x0000006c   Code   RO          297    i.read_data_ph      fm25v10.o
    0x0802632c   0x0802632c   0x000000b0   Code   RO          298    i.read_data_qx      fm25v10.o
    0x080263dc   0x080263dc   0x0000022e   Code   RO          392    i.read_write_sd     sd.o
    0x0802660a   0x0802660a   0x00000002   PAD
    0x0802660c   0x0802660c   0x00000168   Code   RO          683    i.recv_tcp          api_msg.o
    0x08026774   0x08026774   0x00000168   Code   RO          684    i.recv_udp          api_msg.o
    0x080268dc   0x080268dc   0x00000074   Code   RO         1212    i.remove_chain      ff.o
    0x08026950   0x08026950   0x0000010e   Code   RO           77    i.resent_ph         sphoto_polling.o
    0x08026a5e   0x08026a5e   0x00000002   PAD
    0x08026a60   0x08026a60   0x000000b0   Code   RO           94    i.reset_polling     sys_user.o
    0x08026b10   0x08026b10   0x00000110   Code   RO           42    i.rev_err           nw_api.o
    0x08026c20   0x08026c20   0x000000c8   Code   RO          299    i.save_data_ll      fm25v10.o
    0x08026ce8   0x08026ce8   0x00000074   Code   RO          300    i.save_data_ph      fm25v10.o
    0x08026d5c   0x08026d5c   0x00000098   Code   RO          301    i.save_data_qx      fm25v10.o
    0x08026df4   0x08026df4   0x00000034   Code   RO          302    i.save_index_ll     fm25v10.o
    0x08026e28   0x08026e28   0x00000034   Code   RO          303    i.save_index_ph     fm25v10.o
    0x08026e5c   0x08026e5c   0x00000034   Code   RO          304    i.save_index_qx     fm25v10.o
    0x08026e90   0x08026e90   0x00000262   Code   RO          393    i.save_ph           sd.o
    0x080270f2   0x080270f2   0x00000002   PAD
    0x080270f4   0x080270f4   0x00000088   Code   RO           95    i.save_systime      sys_user.o
    0x0802717c   0x0802717c   0x00000040   Code   RO          394    i.sd_mkfs           sd.o
    0x080271bc   0x080271bc   0x0000002c   Code   RO          395    i.sd_reset          sd.o
    0x080271e8   0x080271e8   0x00000034   Code   RO           59    i.sent_CheckT       contact_polling.o
    0x0802721c   0x0802721c   0x00000030   Code   RO           60    i.sent_Contact      contact_polling.o
    0x0802724c   0x0802724c   0x00000064   Code   RO           61    i.sent_HeartBeat    contact_polling.o
    0x080272b0   0x080272b0   0x0000019a   Code   RO           43    i.sent_ll_data_22   nw_api.o
    0x0802744a   0x0802744a   0x00000002   PAD
    0x0802744c   0x0802744c   0x0000026e   Code   RO          396    i.sent_ph_sd        sd.o
    0x080276ba   0x080276ba   0x00000002   PAD
    0x080276bc   0x080276bc   0x00000196   Code   RO           44    i.sent_qx_data_25   nw_api.o
    0x08027852   0x08027852   0x00000002   PAD
    0x08027854   0x08027854   0x000000d8   Code   RO          685    i.sent_tcp          api_msg.o
    0x0802792c   0x0802792c   0x0000007c   Code   RO          216    i.sent_to_ts        tensimeter.o
    0x080279a8   0x080279a8   0x00000044   Code   RO          686    i.setup_tcp         api_msg.o
    0x080279ec   0x080279ec   0x00000028   Code   RO         1213    i.st_clust          ff.o
    0x08027a14   0x08027a14   0x00000010   Code   RO         1214    i.st_dword          ff.o
    0x08027a24   0x08027a24   0x00000008   Code   RO         1215    i.st_word           ff.o
    0x08027a2c   0x08027a2c   0x00000002   Code   RO          938    i.stats_init        stats.o
    0x08027a2e   0x08027a2e   0x0000001a   Code   RO         1216    i.sum_sfn           ff.o
    0x08027a48   0x08027a48   0x00000088   Code   RO         1217    i.sync_fs           ff.o
    0x08027ad0   0x08027ad0   0x00000052   Code   RO         1218    i.sync_window       ff.o
    0x08027b22   0x08027b22   0x00000002   PAD
    0x08027b24   0x08027b24   0x00000044   Code   RO          507    i.sys_arch_mbox_fetch  sys_arch.o
    0x08027b68   0x08027b68   0x0000000e   Code   RO          508    i.sys_arch_protect  sys_arch.o
    0x08027b76   0x08027b76   0x00000026   Code   RO          509    i.sys_arch_sem_wait  sys_arch.o
    0x08027b9c   0x08027b9c   0x00000012   Code   RO          510    i.sys_arch_unprotect  sys_arch.o
    0x08027bae   0x08027bae   0x00000002   PAD
    0x08027bb0   0x08027bb0   0x00000058   Code   RO         1032    i.sys_check_timeouts  timeouts.o
    0x08027c08   0x08027c08   0x0000009c   Code   RO           97    i.sys_clock         sys_user.o
    0x08027ca4   0x08027ca4   0x000000dc   Code   RO          511    i.sys_init          sys_arch.o
    0x08027d80   0x08027d80   0x000000b8   Code   RO          512    i.sys_mbox_free     sys_arch.o
    0x08027e38   0x08027e38   0x000000ac   Code   RO          513    i.sys_mbox_new      sys_arch.o
    0x08027ee4   0x08027ee4   0x000000d0   Code   RO          514    i.sys_mbox_post     sys_arch.o
    0x08027fb4   0x08027fb4   0x00000018   Code   RO          515    i.sys_mbox_set_invalid  sys_arch.o
    0x08027fcc   0x08027fcc   0x00000028   Code   RO          516    i.sys_mbox_trypost  sys_arch.o
    0x08027ff4   0x08027ff4   0x0000001c   Code   RO          517    i.sys_mbox_valid    sys_arch.o
    0x08028010   0x08028010   0x00000012   Code   RO          519    i.sys_mutex_lock    sys_arch.o
    0x08028022   0x08028022   0x00000002   PAD
    0x08028024   0x08028024   0x0000001c   Code   RO          520    i.sys_mutex_new     sys_arch.o
    0x08028040   0x08028040   0x0000000c   Code   RO          521    i.sys_mutex_unlock  sys_arch.o
    0x0802804c   0x0802804c   0x00000004   Code   RO          488    i.sys_now           ethernetif.o
    0x08028050   0x08028050   0x00000094   Code   RO          522    i.sys_sem_free      sys_arch.o
    0x080280e4   0x080280e4   0x000000a8   Code   RO          523    i.sys_sem_new       sys_arch.o
    0x0802818c   0x0802818c   0x00000018   Code   RO          524    i.sys_sem_set_invalid  sys_arch.o
    0x080281a4   0x080281a4   0x00000094   Code   RO          525    i.sys_sem_signal    sys_arch.o
    0x08028238   0x08028238   0x00000020   Code   RO          526    i.sys_sem_valid     sys_arch.o
    0x08028258   0x08028258   0x00000200   Code   RO          527    i.sys_thread_new    sys_arch.o
    0x08028458   0x08028458   0x00000048   Code   RO           98    i.sys_time_chang    sys_user.o
    0x080284a0   0x080284a0   0x000000e4   Code   RO           99    i.sys_time_check    sys_user.o
    0x08028584   0x08028584   0x00000140   Code   RO         1034    i.sys_timeout       timeouts.o
    0x080286c4   0x080286c4   0x00000034   Code   RO         1035    i.sys_timeouts_init  timeouts.o
    0x080286f8   0x080286f8   0x00000048   Code   RO         1036    i.sys_timeouts_mbox_fetch  timeouts.o
    0x08028740   0x08028740   0x0000018e   Code   RO          947    i.tcp_abandon       tcp.o
    0x080288ce   0x080288ce   0x00000006   Code   RO          948    i.tcp_abort         tcp.o
    0x080288d4   0x080288d4   0x0000000e   Code   RO          949    i.tcp_accept        tcp.o
    0x080288e2   0x080288e2   0x00000002   PAD
    0x080288e4   0x080288e4   0x00000134   Code   RO          951    i.tcp_alloc         tcp.o
    0x08028a18   0x08028a18   0x00000008   Code   RO          952    i.tcp_arg           tcp.o
    0x08028a20   0x08028a20   0x00000014   Code   RO          954    i.tcp_close         tcp.o
    0x08028a34   0x08028a34   0x00000188   Code   RO          955    i.tcp_close_shutdown  tcp.o
    0x08028bbc   0x08028bbc   0x000000c4   Code   RO          956    i.tcp_close_shutdown_fin  tcp.o
    0x08028c80   0x08028c80   0x00000184   Code   RO          957    i.tcp_connect       tcp.o
    0x08028e04   0x08028e04   0x0000012c   Code   RO         1011    i.tcp_create_segment  tcp_out.o
    0x08028f30   0x08028f30   0x00000022   Code   RO          959    i.tcp_eff_send_mss_impl  tcp.o
    0x08028f52   0x08028f52   0x00000002   PAD
    0x08028f54   0x08028f54   0x00000236   Code   RO         1012    i.tcp_enqueue_flags  tcp_out.o
    0x0802918a   0x0802918a   0x00000002   PAD
    0x0802918c   0x0802918c   0x000000a4   Code   RO          960    i.tcp_err           tcp.o
    0x08029230   0x08029230   0x0000006c   Code   RO          961    i.tcp_fasttmr       tcp.o
    0x0802929c   0x0802929c   0x00000030   Code   RO          996    i.tcp_getoptbyte    tcp_in.o
    0x080292cc   0x080292cc   0x00000002   Code   RO          962    i.tcp_init          tcp.o
    0x080292ce   0x080292ce   0x00000002   PAD
    0x080292d0   0x080292d0   0x000006a8   Code   RO          997    i.tcp_input         tcp_in.o
    0x08029978   0x08029978   0x00000040   Code   RO          998    i.tcp_input_delayed_close  tcp_in.o
    0x080299b8   0x080299b8   0x00000078   Code   RO         1013    i.tcp_keepalive     tcp_out.o
    0x08029a30   0x08029a30   0x000000bc   Code   RO          963    i.tcp_kill_state    tcp.o
    0x08029aec   0x08029aec   0x000000cc   Code   RO          964    i.tcp_listen_closed  tcp.o
    0x08029bb8   0x08029bb8   0x00000100   Code   RO          999    i.tcp_listen_input  tcp_in.o
    0x08029cb8   0x08029cb8   0x0000004c   Code   RO          967    i.tcp_netif_ip_addr_changed  tcp.o
    0x08029d04   0x08029d04   0x00000022   Code   RO          968    i.tcp_netif_ip_addr_changed_pcblist  tcp.o
    0x08029d26   0x08029d26   0x00000006   Code   RO          970    i.tcp_new_ip_type   tcp.o
    0x08029d2c   0x08029d2c   0x0000005c   Code   RO          971    i.tcp_new_port      tcp.o
    0x08029d88   0x08029d88   0x00000010   Code   RO          972    i.tcp_next_iss      tcp.o
    0x08029d98   0x08029d98   0x00000078   Code   RO         1000    i.tcp_oos_insert_segment  tcp_in.o
    0x08029e10   0x08029e10   0x000002dc   Code   RO         1014    i.tcp_output        tcp_out.o
    0x0802a0ec   0x0802a0ec   0x0000010c   Code   RO         1015    i.tcp_output_alloc_header  tcp_out.o
    0x0802a1f8   0x0802a1f8   0x000000cc   Code   RO         1016    i.tcp_output_segment  tcp_out.o
    0x0802a2c4   0x0802a2c4   0x00000074   Code   RO         1001    i.tcp_parseopt      tcp_in.o
    0x0802a338   0x0802a338   0x000000d8   Code   RO         1017    i.tcp_pbuf_prealloc  tcp_out.o
    0x0802a410   0x0802a410   0x00000042   Code   RO          973    i.tcp_pcb_purge     tcp.o
    0x0802a452   0x0802a452   0x00000002   PAD
    0x0802a454   0x0802a454   0x00000130   Code   RO          974    i.tcp_pcb_remove    tcp.o
    0x0802a584   0x0802a584   0x0000009c   Code   RO          975    i.tcp_poll          tcp.o
    0x0802a620   0x0802a620   0x0000048a   Code   RO         1002    i.tcp_process       tcp_in.o
    0x0802aaaa   0x0802aaaa   0x0000006e   Code   RO          976    i.tcp_process_refused_data  tcp.o
    0x0802ab18   0x0802ab18   0x00000a1e   Code   RO         1003    i.tcp_receive       tcp_in.o
    0x0802b536   0x0802b536   0x00000002   PAD
    0x0802b538   0x0802b538   0x000000a4   Code   RO          977    i.tcp_recv          tcp.o
    0x0802b5dc   0x0802b5dc   0x00000024   Code   RO          978    i.tcp_recv_null     tcp.o
    0x0802b600   0x0802b600   0x00000110   Code   RO          979    i.tcp_recved        tcp.o
    0x0802b710   0x0802b710   0x00000056   Code   RO         1018    i.tcp_rexmit        tcp_out.o
    0x0802b766   0x0802b766   0x00000058   Code   RO         1019    i.tcp_rexmit_fast   tcp_out.o
    0x0802b7be   0x0802b7be   0x00000032   Code   RO         1020    i.tcp_rexmit_rto    tcp_out.o
    0x0802b7f0   0x0802b7f0   0x00000154   Code   RO         1021    i.tcp_rst           tcp_out.o
    0x0802b944   0x0802b944   0x00000028   Code   RO          980    i.tcp_seg_copy      tcp.o
    0x0802b96c   0x0802b96c   0x0000001c   Code   RO          981    i.tcp_seg_free      tcp.o
    0x0802b988   0x0802b988   0x00000012   Code   RO          982    i.tcp_segs_free     tcp.o
    0x0802b99a   0x0802b99a   0x00000086   Code   RO         1022    i.tcp_send_empty_ack  tcp_out.o
    0x0802ba20   0x0802ba20   0x00000044   Code   RO         1023    i.tcp_send_fin      tcp_out.o
    0x0802ba64   0x0802ba64   0x000000a0   Code   RO          983    i.tcp_sent          tcp.o
    0x0802bb04   0x0802bb04   0x0000004e   Code   RO          985    i.tcp_shutdown      tcp.o
    0x0802bb52   0x0802bb52   0x00000002   PAD
    0x0802bb54   0x0802bb54   0x000004e2   Code   RO          986    i.tcp_slowtmr       tcp.o
    0x0802c036   0x0802c036   0x00000002   PAD
    0x0802c038   0x0802c038   0x00000034   Code   RO         1038    i.tcp_timer_needed  timeouts.o
    0x0802c06c   0x0802c06c   0x00000068   Code   RO         1004    i.tcp_timewait_input  tcp_in.o
    0x0802c0d4   0x0802c0d4   0x00000020   Code   RO          987    i.tcp_tmr           tcp.o
    0x0802c0f4   0x0802c0f4   0x00000010   Code   RO         1005    i.tcp_trigger_input_pcb_close  tcp_in.o
    0x0802c104   0x0802c104   0x000000c0   Code   RO          989    i.tcp_update_rcv_ann_wnd  tcp.o
    0x0802c1c4   0x0802c1c4   0x00000694   Code   RO         1024    i.tcp_write         tcp_out.o
    0x0802c858   0x0802c858   0x00000150   Code   RO         1025    i.tcp_write_checks  tcp_out.o
    0x0802c9a8   0x0802c9a8   0x000000e2   Code   RO         1026    i.tcp_zero_window_probe  tcp_out.o
    0x0802ca8a   0x0802ca8a   0x00000002   PAD
    0x0802ca8c   0x0802ca8c   0x000000cc   Code   RO          756    i.tcpip_callback_with_block  tcpip.o
    0x0802cb58   0x0802cb58   0x00000114   Code   RO          759    i.tcpip_init        tcpip.o
    0x0802cc6c   0x0802cc6c   0x000000c0   Code   RO          760    i.tcpip_inpkt       tcpip.o
    0x0802cd2c   0x0802cd2c   0x0000001c   Code   RO          761    i.tcpip_input       tcpip.o
    0x0802cd48   0x0802cd48   0x00000020   Code   RO          762    i.tcpip_send_msg_wait_sem  tcpip.o
    0x0802cd68   0x0802cd68   0x00000038   Code   RO         1039    i.tcpip_tcp_timer   timeouts.o
    0x0802cda0   0x0802cda0   0x000000f4   Code   RO          763    i.tcpip_thread      tcpip.o
    0x0802ce94   0x0802ce94   0x00000032   Code   RO          156    i.u32_to_u8         md5.o
    0x0802cec6   0x0802cec6   0x00000014   Code   RO          412    i.u4_to_c8          data_change.o
    0x0802ceda   0x0802ceda   0x0000003a   Code   RO          413    i.u8_to_c8          data_change.o
    0x0802cf14   0x0802cf14   0x00000020   Code   RO          157    i.u8_to_u32         md5.o
    0x0802cf34   0x0802cf34   0x00000032   Code   RO          262    i.udelay            dm9000.o
    0x0802cf66   0x0802cf66   0x00000006   Code   RO          101    i.udelay_no_inv     sys_user.o
    0x0802cf6c   0x0802cf6c   0x000000b2   Code   RO         1045    i.udp_bind          udp.o
    0x0802d01e   0x0802d01e   0x00000002   PAD
    0x0802d020   0x0802d020   0x00000050   Code   RO         1046    i.udp_connect       udp.o
    0x0802d070   0x0802d070   0x00000002   Code   RO         1048    i.udp_init          udp.o
    0x0802d072   0x0802d072   0x00000002   PAD
    0x0802d074   0x0802d074   0x0000021c   Code   RO         1049    i.udp_input         udp.o
    0x0802d290   0x0802d290   0x00000034   Code   RO         1050    i.udp_netif_ip_addr_changed  udp.o
    0x0802d2c4   0x0802d2c4   0x0000001a   Code   RO         1051    i.udp_new           udp.o
    0x0802d2de   0x0802d2de   0x00000004   Code   RO         1052    i.udp_new_ip_type   udp.o
    0x0802d2e2   0x0802d2e2   0x00000006   Code   RO         1053    i.udp_recv          udp.o
    0x0802d2e8   0x0802d2e8   0x00000030   Code   RO         1054    i.udp_remove        udp.o
    0x0802d318   0x0802d318   0x00000036   Code   RO         1057    i.udp_sendto_if     udp.o
    0x0802d34e   0x0802d34e   0x00000002   PAD
    0x0802d350   0x0802d350   0x00000176   Code   RO         1058    i.udp_sendto_if_src  udp.o
    0x0802d4c6   0x0802d4c6   0x00000034   Code   RO         1219    i.validate          ff.o
    0x0802d4fa   0x0802d4fa   0x00000002   Data   RO           14    .constdata          nw_task.o
    0x0802d4fc   0x0802d4fc   0x00000027   Data   RO          166    .constdata          authorization.o
    0x0802d523   0x0802d523   0x00000001   PAD
    0x0802d524   0x0802d524   0x00000054   Data   RO          178    .constdata          hk_api.o
    0x0802d578   0x0802d578   0x00000014   Data   RO          475    .constdata          sd_diskio.o
    0x0802d58c   0x0802d58c   0x00000004   Data   RO          529    .constdata          sys_arch.o
    0x0802d590   0x0802d590   0x00000004   Data   RO          623    .constdata          ip4_addr.o
    0x0802d594   0x0802d594   0x00000004   Data   RO          624    .constdata          ip4_addr.o
    0x0802d598   0x0802d598   0x00000006   Data   RO          772    .constdata          ethernet.o
    0x0802d59e   0x0802d59e   0x00000006   Data   RO          773    .constdata          ethernet.o
    0x0802d5a4   0x0802d5a4   0x00000010   Data   RO          855    .constdata          memp.o
    0x0802d5b4   0x0802d5b4   0x00000010   Data   RO          856    .constdata          memp.o
    0x0802d5c4   0x0802d5c4   0x00000010   Data   RO          857    .constdata          memp.o
    0x0802d5d4   0x0802d5d4   0x00000010   Data   RO          858    .constdata          memp.o
    0x0802d5e4   0x0802d5e4   0x00000010   Data   RO          859    .constdata          memp.o
    0x0802d5f4   0x0802d5f4   0x00000010   Data   RO          860    .constdata          memp.o
    0x0802d604   0x0802d604   0x00000010   Data   RO          861    .constdata          memp.o
    0x0802d614   0x0802d614   0x00000010   Data   RO          862    .constdata          memp.o
    0x0802d624   0x0802d624   0x00000010   Data   RO          863    .constdata          memp.o
    0x0802d634   0x0802d634   0x00000010   Data   RO          864    .constdata          memp.o
    0x0802d644   0x0802d644   0x00000010   Data   RO          865    .constdata          memp.o
    0x0802d654   0x0802d654   0x00000010   Data   RO          866    .constdata          memp.o
    0x0802d664   0x0802d664   0x00000010   Data   RO          867    .constdata          memp.o
    0x0802d674   0x0802d674   0x00000034   Data   RO          868    .constdata          memp.o
    0x0802d6a8   0x0802d6a8   0x00000054   Data   RO          990    .constdata          tcp.o
    0x0802d6fc   0x0802d6fc   0x00000028   Data   RO         1040    .constdata          timeouts.o
    0x0802d724   0x0802d724   0x0000002a   Data   RO         1221    .constdata          ff.o
    0x0802d74e   0x0802d74e   0x0002abb6   Data   RO         1240    .constdata          cc936.o
    0x08058304   0x08058304   0x00000004   Data   RO         1367    .constdata          os_cfg_app.o
    0x08058308   0x08058308   0x00000004   Data   RO         1368    .constdata          os_cfg_app.o
    0x0805830c   0x0805830c   0x00000004   Data   RO         1369    .constdata          os_cfg_app.o
    0x08058310   0x08058310   0x00000004   Data   RO         1371    .constdata          os_cfg_app.o
    0x08058314   0x08058314   0x00000002   Data   RO         1372    .constdata          os_cfg_app.o
    0x08058316   0x08058316   0x00000002   PAD
    0x08058318   0x08058318   0x00000004   Data   RO         1374    .constdata          os_cfg_app.o
    0x0805831c   0x0805831c   0x00000004   Data   RO         1375    .constdata          os_cfg_app.o
    0x08058320   0x08058320   0x00000004   Data   RO         1376    .constdata          os_cfg_app.o
    0x08058324   0x08058324   0x00000004   Data   RO         1378    .constdata          os_cfg_app.o
    0x08058328   0x08058328   0x00000004   Data   RO         1379    .constdata          os_cfg_app.o
    0x0805832c   0x0805832c   0x00000002   Data   RO         1381    .constdata          os_cfg_app.o
    0x0805832e   0x0805832e   0x00000002   PAD
    0x08058330   0x08058330   0x00000004   Data   RO         1383    .constdata          os_cfg_app.o
    0x08058334   0x08058334   0x00000001   Data   RO         1384    .constdata          os_cfg_app.o
    0x08058335   0x08058335   0x00000003   PAD
    0x08058338   0x08058338   0x00000004   Data   RO         1385    .constdata          os_cfg_app.o
    0x0805833c   0x0805833c   0x00000004   Data   RO         1386    .constdata          os_cfg_app.o
    0x08058340   0x08058340   0x00000004   Data   RO         1387    .constdata          os_cfg_app.o
    0x08058344   0x08058344   0x00000004   Data   RO         1388    .constdata          os_cfg_app.o
    0x08058348   0x08058348   0x00000004   Data   RO         1390    .constdata          os_cfg_app.o
    0x0805834c   0x0805834c   0x00000004   Data   RO         1391    .constdata          os_cfg_app.o
    0x08058350   0x08058350   0x00000001   Data   RO         1392    .constdata          os_cfg_app.o
    0x08058351   0x08058351   0x00000003   PAD
    0x08058354   0x08058354   0x00000004   Data   RO         1393    .constdata          os_cfg_app.o
    0x08058358   0x08058358   0x00000004   Data   RO         1394    .constdata          os_cfg_app.o
    0x0805835c   0x0805835c   0x00000004   Data   RO         1395    .constdata          os_cfg_app.o
    0x08058360   0x08058360   0x00000002   Data   RO         1397    .constdata          os_cfg_app.o
    0x08058362   0x08058362   0x00000001   Data   RO         1399    .constdata          os_cfg_app.o
    0x08058363   0x08058363   0x00000001   PAD
    0x08058364   0x08058364   0x00000004   Data   RO         1400    .constdata          os_cfg_app.o
    0x08058368   0x08058368   0x00000004   Data   RO         1401    .constdata          os_cfg_app.o
    0x0805836c   0x0805836c   0x00000004   Data   RO         1402    .constdata          os_cfg_app.o
    0x08058370   0x08058370   0x00000004   Data   RO         1403    .constdata          os_cfg_app.o
    0x08058374   0x08058374   0x00000002   Data   RO         1405    .constdata          os_cfg_app.o
    0x08058376   0x08058376   0x00000002   PAD
    0x08058378   0x08058378   0x00000040   Data   RO         2290    .constdata          system_stm32l4xx_1.o
    0x080583b8   0x080583b8   0x00000008   Data   RO         2291    .constdata          system_stm32l4xx_1.o
    0x080583c0   0x080583c0   0x0000009c   Data   RO          179    .conststring        hk_api.o
    0x0805845c   0x0805845c   0x0000008c   Data   RO          572    .conststring        dhcp.o
    0x080584e8   0x080584e8   0x00000041   Data   RO          592    .conststring        etharp.o
    0x08058529   0x08058529   0x00000003   PAD
    0x0805852c   0x0805852c   0x00000075   Data   RO          991    .conststring        tcp.o
    0x080585a1   0x080585a1   0x00000003   PAD
    0x080585a4   0x080585a4   0x00000055   Data   RO         1027    .conststring        tcp_out.o
    0x080585f9   0x080585f9   0x00000003   PAD
    0x080585fc   0x080585fc   0x00000040   Data   RO         2466    Region$$Table       anon$$obj.o


    Execution Region RW_IRAM2 (Exec base: 0x10000000, Load base: 0x08058664, Size: 0x000057a0, Max: 0x00008000, ABSOLUTE, COMPRESSED[0x00000020])

    Exec Addr    Load Addr    Size         Type   Attr      Idx    E Section Name        Object

    0x10000000   COMPRESSED   0x00000004   Data   RW           17    .data               nw_task.o
    0x10000004   COMPRESSED   0x00000004   Data   RW           19    .data               nw_task.o
    0x10000008   COMPRESSED   0x00000002   Data   RW           21    .data               nw_task.o
    0x1000000a   COMPRESSED   0x00000002   Data   RW           23    .data               nw_task.o
    0x1000000c   COMPRESSED   0x00000002   Data   RW           25    .data               nw_task.o
    0x1000000e   COMPRESSED   0x00000001   Data   RW           28    .data               nw_task.o
    0x1000000f   COMPRESSED   0x00000001   Data   RW           31    .data               nw_task.o
    0x10000010   COMPRESSED   0x00000002   Data   RW           46    .data               nw_api.o
    0x10000012   COMPRESSED   0x00000002   PAD
    0x10000014   COMPRESSED   0x0000002a   Data   RW          104    .data               sys_user.o
    0x1000003e   COMPRESSED   0x00000001   Data   RW          106    .data               sys_user.o
    0x1000003f   COMPRESSED   0x00000001   PAD
    0x10000040   COMPRESSED   0x0000000c   Data   RW          124    .data               power_ctrl.o
    0x1000004c   COMPRESSED   0x00000014   Data   RW          130    .data               gdate_task.o
    0x10000060   COMPRESSED   0x00000040   Data   RW          158    .data               md5.o
    0x100000a0   COMPRESSED   0x0000001c   Data   RW          207    .data               hk_http.o
    0x100000bc   COMPRESSED   0x00000008   Data   RW          219    .data               tensimeter.o
    0x100000c4   COMPRESSED   0x00000008   Data   RW          398    .data               sd.o
    0x100000cc   COMPRESSED   0x00000006   Data   RW          489    .data               ethernetif.o
    0x100000d2   COMPRESSED   0x00000002   PAD
    0x100000d4   COMPRESSED   0x00000014   Data   RW          573    .data               dhcp.o
    0x100000e8   COMPRESSED   0x00000001   Data   RW          593    .data               etharp.o
    0x100000e9   COMPRESSED   0x00000001   PAD
    0x100000ea   COMPRESSED   0x00000002   Data   RW          612    .data               ip4.o
    0x100000ec   COMPRESSED   0x00000008   Data   RW          637    .data               ip4_frag.o
    0x100000f4   COMPRESSED   0x0000000c   Data   RW          817    .data               mem.o
    0x10000100   COMPRESSED   0x00000004   Data   RW          869    .data               memp.o
    0x10000104   COMPRESSED   0x00000004   Data   RW          871    .data               memp.o
    0x10000108   COMPRESSED   0x00000004   Data   RW          873    .data               memp.o
    0x1000010c   COMPRESSED   0x00000004   Data   RW          875    .data               memp.o
    0x10000110   COMPRESSED   0x00000004   Data   RW          877    .data               memp.o
    0x10000114   COMPRESSED   0x00000004   Data   RW          879    .data               memp.o
    0x10000118   COMPRESSED   0x00000004   Data   RW          881    .data               memp.o
    0x1000011c   COMPRESSED   0x00000001   Data   RW          931    .data               pbuf.o
    0x1000011d   COMPRESSED   0x00000003   PAD
    0x10000120   COMPRESSED   0x00000020   Data   RW          992    .data               tcp.o
    0x10000140   COMPRESSED   0x00000024   Data   RW         1007    .data               tcp_in.o
    0x10000164   COMPRESSED   0x0000000c   Data   RW         1041    .data               timeouts.o
    0x10000170   COMPRESSED   0x00000008   Data   RW         1059    .data               udp.o
    0x10000178   COMPRESSED   0x00000008   Data   RW         1222    .data               ff.o
    0x10000180   COMPRESSED   0x00000004   Data   RW         1355    .data               os_cpu_c.o
    0x10000184   COMPRESSED   0x00000004   Data   RW         1583    .data               os_var.o
    0x10000188   COMPRESSED   0x00000004   Data   RW         1585    .data               os_var.o
    0x1000018c   COMPRESSED   0x00000004   Data   RW         1587    .data               os_var.o
    0x10000190   COMPRESSED   0x00000004   Data   RW         1589    .data               os_var.o
    0x10000194   COMPRESSED   0x00000004   Data   RW         1592    .data               os_var.o
    0x10000198   COMPRESSED   0x00000001   Data   RW         1593    .data               os_var.o
    0x10000199   COMPRESSED   0x00000003   PAD
    0x1000019c   COMPRESSED   0x00000004   Data   RW         1595    .data               os_var.o
    0x100001a0   COMPRESSED   0x00000002   Data   RW         1597    .data               os_var.o
    0x100001a2   COMPRESSED   0x00000002   PAD
    0x100001a4   COMPRESSED   0x00000004   Data   RW         1600    .data               os_var.o
    0x100001a8   COMPRESSED   0x00000002   Data   RW         1601    .data               os_var.o
    0x100001aa   COMPRESSED   0x00000002   PAD
    0x100001ac   COMPRESSED   0x00000004   Data   RW         1604    .data               os_var.o
    0x100001b0   COMPRESSED   0x00000002   Data   RW         1605    .data               os_var.o
    0x100001b2   COMPRESSED   0x00000001   Data   RW         1607    .data               os_var.o
    0x100001b3   COMPRESSED   0x00000001   PAD
    0x100001b4   COMPRESSED   0x00000004   Data   RW         1611    .data               os_var.o
    0x100001b8   COMPRESSED   0x00000004   Data   RW         1613    .data               os_var.o
    0x100001bc   COMPRESSED   0x00000001   Data   RW         1614    .data               os_var.o
    0x100001bd   COMPRESSED   0x00000003   PAD
    0x100001c0   COMPRESSED   0x00000004   Data   RW         1617    .data               os_var.o
    0x100001c4   COMPRESSED   0x00000002   Data   RW         1618    .data               os_var.o
    0x100001c6   COMPRESSED   0x00000001   Data   RW         1619    .data               os_var.o
    0x100001c7   COMPRESSED   0x00000001   PAD
    0x100001c8   COMPRESSED   0x00000002   Data   RW         1621    .data               os_var.o
    0x100001ca   COMPRESSED   0x00000002   PAD
    0x100001cc   COMPRESSED   0x00000004   Data   RW         1623    .data               os_var.o
    0x100001d0   COMPRESSED   0x00000004   Data   RW         1626    .data               os_var.o
    0x100001d4   COMPRESSED   0x00000004   Data   RW         1628    .data               os_var.o
    0x100001d8   COMPRESSED   0x00000001   Data   RW         1630    .data               os_var.o
    0x100001d9   COMPRESSED   0x00000003   PAD
    0x100001dc   COMPRESSED   0x00000004   Data   RW         1632    .data               os_var.o
    0x100001e0   COMPRESSED   0x00000004   Data   RW         1635    .data               os_var.o
    0x100001e4   COMPRESSED   0x00000004   Data   RW         1637    .data               os_var.o
    0x100001e8   COMPRESSED   0x00000004   Data   RW         1639    .data               os_var.o
    0x100001ec   COMPRESSED   0x00000004   Data   RW         2292    .data               system_stm32l4xx_1.o
    0x100001f0   COMPRESSED   0x00000004   Data   RW         2453    .data               mc_w.l(stdout.o)
    0x100001f4        -       0x00000212   Zero   RW            7    .bss                nw_task.o
    0x10000406   COMPRESSED   0x00000002   PAD
    0x10000408        -       0x00000060   Zero   RW            9    .bss                nw_task.o
    0x10000468        -       0x000008f0   Zero   RW           13    .bss                nw_task.o
    0x10000d58        -       0x0000003c   Zero   RW           69    .bss                sdata_polling.o
    0x10000d94        -       0x0000000b   Zero   RW           78    .bss                sphoto_polling.o
    0x10000d9f   COMPRESSED   0x00000001   PAD
    0x10000da0        -       0x000008f0   Zero   RW          149    .bss                wr_task.o
    0x10001690        -       0x00001618   Zero   RW          397    .bss                sd.o
    0x10002ca8        -       0x000002c8   Zero   RW          419    .bss                app.o
    0x10002f70        -       0x00000084   Zero   RW          465    .bss                sdmmc.o
    0x10002ff4        -       0x000000f0   Zero   RW          591    .bss                etharp.o
    0x100030e4        -       0x00000018   Zero   RW          806    .bss                ip.o
    0x100030fc        -       0x00000083   Zero   RW          829    .bss                memp.o
    0x1000317f   COMPRESSED   0x00000001   PAD
    0x10003180        -       0x0000000a   Zero   RW          830    .bss                memp.o
    0x1000318a        -       0x0000000a   Zero   RW          834    .bss                memp.o
    0x10003194        -       0x000000a3   Zero   RW          837    .bss                memp.o
    0x10003237   COMPRESSED   0x00000001   PAD
    0x10003238        -       0x0000000a   Zero   RW          838    .bss                memp.o
    0x10003242        -       0x00000023   Zero   RW          841    .bss                memp.o
    0x10003265   COMPRESSED   0x00000001   PAD
    0x10003266        -       0x0000000a   Zero   RW          842    .bss                memp.o
    0x10003270        -       0x0000000a   Zero   RW          846    .bss                memp.o
    0x1000327a        -       0x00000083   Zero   RW          847    .bss                memp.o
    0x100032fd        -       0x00000053   Zero   RW          849    .bss                memp.o
    0x10003350        -       0x0000000a   Zero   RW          850    .bss                memp.o
    0x1000335a        -       0x00000103   Zero   RW          851    .bss                memp.o
    0x1000345d   COMPRESSED   0x00000001   PAD
    0x1000345e        -       0x0000000a   Zero   RW          854    .bss                memp.o
    0x10003468        -       0x00000258   Zero   RW         1080    .bss                usart.o
    0x100036c0        -       0x00000064   Zero   RW         1133    .bss                spi.o
    0x10003724        -       0x00000010   Zero   RW         1265    .bss                cpu_core.o
    0x10003734        -       0x00000140   Zero   RW         1358    .bss                os_cfg_app.o
    0x10003874        -       0x00000200   Zero   RW         1359    .bss                os_cfg_app.o
    0x10003a74        -       0x00000640   Zero   RW         1361    .bss                os_cfg_app.o
    0x100040b4        -       0x00000200   Zero   RW         1362    .bss                os_cfg_app.o
    0x100042b4        -       0x00000088   Zero   RW         1364    .bss                os_cfg_app.o
    0x1000433c        -       0x00000200   Zero   RW         1365    .bss                os_cfg_app.o
    0x1000453c        -       0x000000c8   Zero   RW         1576    .bss                os_var.o
    0x10004604        -       0x0000000c   Zero   RW         1578    .bss                os_var.o
    0x10004610        -       0x000000c8   Zero   RW         1580    .bss                os_var.o
    0x100046d8        -       0x000000c8   Zero   RW         1582    .bss                os_var.o
    0x100047a0        -       0x00001000   Zero   RW         2281    STACK               startup_stm32l476xxo.o


    Execution Region RW_IRAM1 (Exec base: 0x20000000, Load base: 0x0805863c, Size: 0x0001579c, Max: 0x00018000, ABSOLUTE, COMPRESSED[0x00000028])

    Exec Addr    Load Addr    Size         Type   Attr      Idx    E Section Name        Object

    0x20000000   COMPRESSED   0x00000008   Data   RW           16    .data               nw_task.o
    0x20000008   COMPRESSED   0x00000004   Data   RW           18    .data               nw_task.o
    0x2000000c   COMPRESSED   0x00000002   Data   RW           20    .data               nw_task.o
    0x2000000e   COMPRESSED   0x00000002   Data   RW           22    .data               nw_task.o
    0x20000010   COMPRESSED   0x00000002   Data   RW           24    .data               nw_task.o
    0x20000012   COMPRESSED   0x00000002   Data   RW           27    .data               nw_task.o
    0x20000014   COMPRESSED   0x00000001   Data   RW           32    .data               nw_task.o
    0x20000015   COMPRESSED   0x00000001   PAD
    0x20000016   COMPRESSED   0x0000000e   Data   RW           63    .data               contact_polling.o
    0x20000024   COMPRESSED   0x00000008   Data   RW           70    .data               sdata_polling.o
    0x2000002c   COMPRESSED   0x00000010   Data   RW           79    .data               sphoto_polling.o
    0x2000003c   COMPRESSED   0x00000002   Data   RW          150    .data               wr_task.o
    0x2000003e   COMPRESSED   0x00000002   PAD
    0x20000040   COMPRESSED   0x0000002b   Data   RW          167    .data               authorization.o
    0x2000006b   COMPRESSED   0x00000001   PAD
    0x2000006c   COMPRESSED   0x00000028   Data   RW          196    .data               hk_task.o
    0x20000094   COMPRESSED   0x00000008   Data   RW          226    .data               meteorological.o
    0x2000009c   COMPRESSED   0x00000006   Data   RW          263    .data               dm9000.o
    0x200000a2   COMPRESSED   0x00000002   PAD
    0x200000a4   COMPRESSED   0x00000004   Data   RW          368    .data               stm32l4xx_hal_uart_s.o
    0x200000a8   COMPRESSED   0x00000005   Data   RW          458    .data               fatfs.o
    0x200000ad   COMPRESSED   0x00000001   Data   RW          476    .data               sd_diskio.o
    0x200000ae   COMPRESSED   0x00000002   PAD
    0x200000b0   COMPRESSED   0x0000000c   Data   RW          503    .data               lwip.o
    0x200000bc   COMPRESSED   0x00000008   Data   RW          531    .data               sys_arch.o
    0x200000c4   COMPRESSED   0x00000001   Data   RW          687    .data               api_msg.o
    0x200000c5   COMPRESSED   0x00000003   PAD
    0x200000c8   COMPRESSED   0x00000008   Data   RW          766    .data               tcpip.o
    0x200000d0   COMPRESSED   0x00000004   Data   RW          870    .data               memp.o
    0x200000d4   COMPRESSED   0x00000004   Data   RW          872    .data               memp.o
    0x200000d8   COMPRESSED   0x00000004   Data   RW          874    .data               memp.o
    0x200000dc   COMPRESSED   0x00000004   Data   RW          876    .data               memp.o
    0x200000e0   COMPRESSED   0x00000004   Data   RW          878    .data               memp.o
    0x200000e4   COMPRESSED   0x00000004   Data   RW          880    .data               memp.o
    0x200000e8   COMPRESSED   0x0000000c   Data   RW          900    .data               netif.o
    0x200000f4   COMPRESSED   0x00000008   Data   RW         1126    .data               fmc.o
    0x200000fc   COMPRESSED   0x0000001c   Data   RW         1267    .data               cpu_core.o
    0x20000118   COMPRESSED   0x00000004   Data   RW         1316    .data               lib_mem.o
    0x2000011c   COMPRESSED   0x00000004   Data   RW         1495    .data               os_prio.o
    0x20000120   COMPRESSED   0x00000004   Data   RW         1584    .data               os_var.o
    0x20000124   COMPRESSED   0x00000004   Data   RW         1586    .data               os_var.o
    0x20000128   COMPRESSED   0x00000004   Data   RW         1588    .data               os_var.o
    0x2000012c   COMPRESSED   0x00000004   Data   RW         1590    .data               os_var.o
    0x20000130   COMPRESSED   0x00000001   Data   RW         1591    .data               os_var.o
    0x20000131   COMPRESSED   0x00000003   PAD
    0x20000134   COMPRESSED   0x00000004   Data   RW         1594    .data               os_var.o
    0x20000138   COMPRESSED   0x00000002   Data   RW         1596    .data               os_var.o
    0x2000013a   COMPRESSED   0x00000002   Data   RW         1598    .data               os_var.o
    0x2000013c   COMPRESSED   0x00000004   Data   RW         1599    .data               os_var.o
    0x20000140   COMPRESSED   0x00000004   Data   RW         1602    .data               os_var.o
    0x20000144   COMPRESSED   0x00000002   Data   RW         1603    .data               os_var.o
    0x20000146   COMPRESSED   0x00000001   Data   RW         1606    .data               os_var.o
    0x20000147   COMPRESSED   0x00000001   Data   RW         1608    .data               os_var.o
    0x20000148   COMPRESSED   0x00000004   Data   RW         1609    .data               os_var.o
    0x2000014c   COMPRESSED   0x00000002   Data   RW         1610    .data               os_var.o
    0x2000014e   COMPRESSED   0x00000002   PAD
    0x20000150   COMPRESSED   0x00000004   Data   RW         1612    .data               os_var.o
    0x20000154   COMPRESSED   0x00000004   Data   RW         1615    .data               os_var.o
    0x20000158   COMPRESSED   0x00000001   Data   RW         1616    .data               os_var.o
    0x20000159   COMPRESSED   0x00000001   PAD
    0x2000015a   COMPRESSED   0x00000002   Data   RW         1620    .data               os_var.o
    0x2000015c   COMPRESSED   0x00000004   Data   RW         1622    .data               os_var.o
    0x20000160   COMPRESSED   0x00000004   Data   RW         1624    .data               os_var.o
    0x20000164   COMPRESSED   0x00000001   Data   RW         1625    .data               os_var.o
    0x20000165   COMPRESSED   0x00000003   PAD
    0x20000168   COMPRESSED   0x00000004   Data   RW         1627    .data               os_var.o
    0x2000016c   COMPRESSED   0x00000002   Data   RW         1629    .data               os_var.o
    0x2000016e   COMPRESSED   0x00000002   PAD
    0x20000170   COMPRESSED   0x00000004   Data   RW         1631    .data               os_var.o
    0x20000174   COMPRESSED   0x00000004   Data   RW         1633    .data               os_var.o
    0x20000178   COMPRESSED   0x00000004   Data   RW         1636    .data               os_var.o
    0x2000017c   COMPRESSED   0x00000004   Data   RW         1638    .data               os_var.o
    0x20000180   COMPRESSED   0x00000004   Data   RW         1640    .data               os_var.o
    0x20000184   COMPRESSED   0x0000000c   Data   RW         1806    .data               stm32l4xx_hal.o
    0x20000190   COMPRESSED   0x00000004   Data   RW         2298    .data               mc_w.l(rand.o)
    0x20000194        -       0x00000060   Zero   RW            8    .bss                nw_task.o
    0x200001f4        -       0x0000003c   Zero   RW           12    .bss                nw_task.o
    0x20000230        -       0x00000064   Zero   RW           45    .bss                nw_api.o
    0x20000294        -       0x00000bec   Zero   RW          103    .bss                sys_user.o
    0x20000e80        -       0x000000ac   Zero   RW          165    .bss                authorization.o
    0x20000f2c        -       0x00001770   Zero   RW          195    .bss                hk_task.o
    0x2000269c        -       0x00000800   Zero   RW          205    .bss                hk_http.o
    0x20002e9c        -       0x00000048   Zero   RW          218    .bss                tensimeter.o
    0x20002ee4        -       0x00000014   Zero   RW          305    .bss                fm25v10.o
    0x20002ef8        -       0x00001038   Zero   RW          456    .bss                fatfs.o
    0x20003f30        -       0x00000950   Zero   RW          502    .bss                lwip.o
    0x20004880        -       0x00002660   Zero   RW          528    .bss                sys_arch.o
    0x20006ee0        -       0x00000020   Zero   RW          571    .bss                dhcp.o
    0x20006f00        -       0x0000005c   Zero   RW          765    .bss                tcpip.o
    0x20006f5c        -       0x00000680   Zero   RW          816    .bss                mem.o
    0x200075dc        -       0x000002fb   Zero   RW          831    .bss                memp.o
    0x200078d7   COMPRESSED   0x00000001   PAD
    0x200078d8        -       0x0000000a   Zero   RW          832    .bss                memp.o
    0x200078e2        -       0x000000e3   Zero   RW          833    .bss                memp.o
    0x200079c5        -       0x00000103   Zero   RW          835    .bss                memp.o
    0x20007ac8        -       0x0000000a   Zero   RW          836    .bss                memp.o
    0x20007ad2        -       0x0000016b   Zero   RW          839    .bss                memp.o
    0x20007c3d   COMPRESSED   0x00000001   PAD
    0x20007c3e        -       0x0000000a   Zero   RW          840    .bss                memp.o
    0x20007c48        -       0x000002b3   Zero   RW          843    .bss                memp.o
    0x20007efb   COMPRESSED   0x00000001   PAD
    0x20007efc        -       0x0000000a   Zero   RW          844    .bss                memp.o
    0x20007f06        -       0x00000083   Zero   RW          845    .bss                memp.o
    0x20007f89   COMPRESSED   0x00000001   PAD
    0x20007f8a        -       0x0000000a   Zero   RW          848    .bss                memp.o
    0x20007f94        -       0x0000000a   Zero   RW          852    .bss                memp.o
    0x20007f9e        -       0x00005fc3   Zero   RW          853    .bss                memp.o
    0x2000df61   COMPRESSED   0x00000003   PAD
    0x2000df64        -       0x000000fc   Zero   RW          939    .bss                stats.o
    0x2000e060        -       0x00000010   Zero   RW         1006    .bss                tcp_in.o
    0x2000e070        -       0x00000064   Zero   RW         1117    .bss                adc.o
    0x2000e0d4        -       0x00000098   Zero   RW         1125    .bss                fmc.o
    0x2000e16c        -       0x00000024   Zero   RW         1140    .bss                rtc.o
    0x2000e190        -       0x00000020   Zero   RW         1220    .bss                ff.o
    0x2000e1b0        -       0x0000000c   Zero   RW         1231    .bss                ff_gen_drv.o
    0x2000e1bc        -       0x00006c48   Zero   RW         1315    .bss                lib_mem.o
    0x20014e04        -       0x00000200   Zero   RW         1357    .bss                os_cfg_app.o
    0x20015004        -       0x00000200   Zero   RW         1360    .bss                os_cfg_app.o
    0x20015204        -       0x00000200   Zero   RW         1363    .bss                os_cfg_app.o
    0x20015404        -       0x00000088   Zero   RW         1366    .bss                os_cfg_app.o
    0x2001548c        -       0x000000c8   Zero   RW         1577    .bss                os_var.o
    0x20015554        -       0x00000180   Zero   RW         1579    .bss                os_var.o
    0x200156d4        -       0x000000c8   Zero   RW         1581    .bss                os_var.o



  Load Region LR$$.ARM.__AT_0x60000900 (Base: 0x60000900, Size: 0x00000000, Max: 0x00000060, ABSOLUTE)

    Execution Region ER$$.ARM.__AT_0x60000900 (Exec base: 0x60000900, Load base: 0x60000900, Size: 0x00000060, Max: 0x00000060, ABSOLUTE, UNINIT)

    Exec Addr    Load Addr    Size         Type   Attr      Idx    E Section Name        Object

    0x60000900        -       0x00000060   Zero   RW          217    .ARM.__AT_0x60000900  tensimeter.o



  Load Region LR$$.ARM.__AT_0x60001500 (Base: 0x60001500, Size: 0x00000000, Max: 0x00000020, ABSOLUTE)

    Execution Region ER$$.ARM.__AT_0x60001500 (Exec base: 0x60001500, Load base: 0x60001500, Size: 0x00000020, Max: 0x00000020, ABSOLUTE, UNINIT)

    Exec Addr    Load Addr    Size         Type   Attr      Idx    E Section Name        Object

    0x60001500        -       0x00000020   Zero   RW          225    .ARM.__AT_0x60001500  meteorological.o


==============================================================================

Image component sizes


      Code (inc. data)   RO Data    RW Data    ZI Data      Debug   Object Name

       216         24          0          0        100          0   adc.o
        92          8          0          0          0          0   adc_api.o
      2172       1208          0          0          0          0   api_lib.o
      6710       2818          0          1          0          0   api_msg.o
       192         32          0          0        712          0   app.o
       796        270         39         43        172          0   authorization.o
        92         20          0          0          0          0   bsp.o
       204         26          0          0          0          0   bsp_driver_sd.o
       692        102          0          0          0          0   bsp_uart.o
       204         26     175030          0          0          0   cc936.o
       904        216          0         14          0          0   contact_polling.o
        52          0          0          0          0          0   cpu_a.o
       344         48          0         28         16          0   cpu_core.o
       416          0          0          0          0          0   data_change.o
         8          0          0          0          0          0   def.o
      6860       2646        140         20         32          0   dhcp.o
       148         22          0          0          0          0   diskio.o
      1304        204          0          6          0          0   dm9000.o
        44          4          0          0          0          0   dma.o
      3034       1192         65          1        240          0   etharp.o
       448        162         12          0          0          0   ethernet.o
       312        114          0          6          0          0   ethernetif.o
        32         10          0          5       4152          0   fatfs.o
        24          4          0          0          0          0   fatfs_platform.o
      8768        176         42          8         32          0   ff.o
        70          6          0          0         12          0   ff_gen_drv.o
      2104        628          0          0         20          0   fm25v10.o
       338         34          0          8        152          0   fmc.o
       706        132          0         20          0          0   gdate_task.o
       434         30          0          0          0          0   gpio.o
      2324       1462        240          0          0          0   hk_api.o
       600        104          0         28       2048          0   hk_http.o
      2716        674          0         40       6000          0   hk_task.o
       964        440          0          0          0          0   http_data.o
       970        358          0          0          0          0   icmp.o
       332          0          0          0          0          0   inet_chksum.o
        38          0          0          0          0          0   init.o
         0          0          0          0         24          0   ip.o
      1170        190          0          2          0          0   ip4.o
        46          0          8          0          0          0   ip4_addr.o
      2800       1032          0          8          0          0   ip4_frag.o
       152         14          0          4      27720          0   lib_mem.o
       396         96          0         12       2384          0   lwip.o
       268         18          0          0          0          0   main.o
      2084        268          0         64          0          0   md5.o
      2026        950          0         12       1664          0   mem.o
       802        502        260         52      27881          0   memp.o
       592         86          0          8         32          0   meteorological.o
        34          0          0          0          0          0   netbuf.o
       470        130          0         12          0          0   netif.o
      2388        430          0          2        100          0   nw_api.o
       444        120          2         37       3070          0   nw_task.o
       152         62          0          0          0          0   os_app_hooks.o
         2          0        103          0       5264          0   os_cfg_app.o
      2632        424          0          0          0          0   os_core.o
       132         32          0          0          0          0   os_cpu_a.o
       452         70          0          4          0          0   os_cpu_c.o
         2          0          0          0          0          0   os_dbg.o
       490         28          0          0          0          0   os_flag.o
       894        200          0          0          0          0   os_int.o
       476         32          0          0          0          0   os_mem.o
       394         26          0          0          0          0   os_msg.o
      1300         92          0          0          0          0   os_mutex.o
       112         16          0          4          0          0   os_prio.o
      1712        116          0          0          0          0   os_q.o
      1390        104          0          0          0          0   os_sem.o
      1292        220          0          0          0          0   os_stat.o
      3746        272          0          0          0          0   os_task.o
       962        128          0          0          0          0   os_tick.o
       300         24          0          0          0          0   os_time.o
       692        136          0          0          0          0   os_tmr.o
         0          0          0        176       1396          0   os_var.o
      3594       1840          0          1          0          0   pbuf.o
       676        172          0         12          0          0   power_ctrl.o
      3014        636          0          0          0          0   rev4g_polling.o
       124         18          0          0         36          0   rtc.o
      2448        886          0          8       5656          0   sd.o
       224         14         20          1          0          0   sd_diskio.o
       412        118          0          8         60          0   sdata_polling.o
       248         44          0          0        132          0   sdmmc.o
       576        174          0          0          0          0   sim7600.o
      1304        380          0         16         11          0   sphoto_polling.o
       216         20          0          0        100          0   spi.o
      1796        890          0          0          0          0   sram.o
        36          8        392          0       4096          0   startup_stm32l476xxo.o
         2          0          0          0        252          0   stats.o
       110         16          0         12          0          0   stm32l4xx_hal.o
      4196        518          0          0          0          0   stm32l4xx_hal_adc.o
       604        266          0          0          0          0   stm32l4xx_hal_cortex.o
      1152        122          0          0          0          0   stm32l4xx_hal_dma.o
      1442        350          0          0          0          0   stm32l4xx_hal_gpio.o
        44          6          0          0          0          0   stm32l4xx_hal_msp.o
        16          4          0          0          0          0   stm32l4xx_hal_pwr.o
       216         82          0          0          0          0   stm32l4xx_hal_pwr_ex.o
      2628        206          0          0          0          0   stm32l4xx_hal_rcc.o
      2668        232          0          0          0          0   stm32l4xx_hal_rcc_ex.o
      1830        314          0          0          0          0   stm32l4xx_hal_rtc.o
       388         70          0          0          0          0   stm32l4xx_hal_rtc_ex.o
      3540        212          0          0          0          0   stm32l4xx_hal_sd.o
      2598        182          0          0          0          0   stm32l4xx_hal_spi.o
        86          0          0          0          0          0   stm32l4xx_hal_sram.o
         2          0          0          0          0          0   stm32l4xx_hal_uart_ex.o
      3754        266          0          4          0          0   stm32l4xx_hal_uart_s.o
       204         42          0          0          0          0   stm32l4xx_it.o
      1096        186          0          0          0          0   stm32l4xx_ll_fmc.o
      2314        290          0          0          0          0   stm32l4xx_ll_sdmmc.o
      2104       1180          4          8       9824          0   sys_arch.o
      2446        724          0         43       3052          0   sys_user.o
        68         12         72          4          0          0   system_stm32l4xx_1.o
      5560       2208        201         32          0          0   tcp.o
      6180       1232          0         36         16          0   tcp_in.o
      5418       1754         85          0          0          0   tcp_out.o
       976        550          0          8         92          0   tcpip.o
       928         76          0          8        168          0   tensimeter.o
       668        228         40         12          0          0   timeouts.o
      1364        286          0          8          0          0   udp.o
       736         78          0          0        600          0   usart.o
      3946       1326          0          2       2288          0   wr_task.o

    ----------------------------------------------------------------------
    150654      37236     176842        896     109620          0   Object Totals
         0          0         64          0          0          0   (incl. Generated)
       234          0         23         48         14          0   (incl. Padding)

    ----------------------------------------------------------------------

      Code (inc. data)   RO Data    RW Data    ZI Data      Debug   Library Member Name

        58          0          0          0          0          0   __dczerorl.o
         0          0          0          0          0          0   entry.o
         0          0          0          0          0          0   entry10a.o
         0          0          0          0          0          0   entry11a.o
         8          4          0          0          0          0   entry2.o
         4          0          0          0          0          0   entry5.o
         0          0          0          0          0          0   entry7b.o
         0          0          0          0          0          0   entry8b.o
         8          4          0          0          0          0   entry9a.o
        30          0          0          0          0          0   handlers.o
        36          8          0          0          0          0   init.o
        30          0          0          0          0          0   llshl.o
        32          0          0          0          0          0   llushr.o
        26          0          0          0          0          0   memcmp.o
        36          0          0          0          0          0   memcpya.o
        36          0          0          0          0          0   memseta.o
      1210         60          0          0          0          0   printf8.o
        36         10          0          4          0          0   rand.o
         0          0          0          4          0          0   stdout.o
        24          0          0          0          0          0   strcat.o
        28          0          0          0          0          0   strcmp.o
        14          0          0          0          0          0   strlen.o
        30          0          0          0          0          0   strncmp.o
        24          0          0          0          0          0   strncpy.o
       104          0          0          0          0          0   uldiv.o

    ----------------------------------------------------------------------
      1780         86          0          8          0          0   Library Totals
         6          0          0          0          0          0   (incl. Padding)

    ----------------------------------------------------------------------

      Code (inc. data)   RO Data    RW Data    ZI Data      Debug   Library Name

      1774         86          0          8          0          0   mc_w.l

    ----------------------------------------------------------------------
      1780         86          0          8          0          0   Library Totals

    ----------------------------------------------------------------------

==============================================================================


      Code (inc. data)   RO Data    RW Data    ZI Data      Debug   

    152434      37322     176842        904     109620          0   Grand Totals
    152434      37322     176842         72     109620          0   ELF Image Totals (compressed)
    152434      37322     176842         72          0          0   ROM Totals

==============================================================================

    Total RO  Size (Code + RO Data)               329276 ( 321.56kB)
    Total RW  Size (RW Data + ZI Data)            110524 ( 107.93kB)
    Total ROM Size (Code + RO Data + RW Data)     329348 ( 321.63kB)

==============================================================================

